<html>
<body>
<pre>
<h1>µVision Build Log</h1>
<h2>Tool Versions:</h2>
IDE-Version: ¦ÌVision V5.36.0.0
Copyright (C) 2021 ARM Ltd and ARM Germany GmbH. All rights reserved.
License Information: lin lin, 1, LIC=JL28G-V0ABE-X74RZ-J8KNC-W3ZTI-4RM58
 
Tool Versions:
Toolchain:       MDK-ARM Plus  Version: 5.36.0.0
Toolchain Path:  D:\keil\keil5\ARM\ARMCC\Bin
C Compiler:      Armcc.exe V5.06 update 7 (build 960)
Assembler:       Armasm.exe V5.06 update 7 (build 960)
Linker/Locator:  ArmLink.exe V5.06 update 7 (build 960)
Library Manager: ArmAr.exe V5.06 update 7 (build 960)
Hex Converter:   FromElf.exe V5.06 update 7 (build 960)
CPU DLL:         SARMCM3.DLL V5.36.0.0
Dialog DLL:      DARMCM1.DLL V1.19.4.0
Target DLL:      STLink\ST-LINKIII-KEIL_SWO.dll V3.0.9.0
Dialog DLL:      TARMCM1.DLL V1.14.4.0
 
<h2>Project:</h2>
D:\Keil5 Project\STM32F030cct\switch\MDK-ARM\demo.uvprojx
Project File Date:  07/24/2026

<h2>Output:</h2>
*** Using Compiler 'V5.06 update 7 (build 960)', folder: 'D:\keil\keil5\ARM\ARMCC\Bin'
Rebuild target 'demo'
assembling startup_stm32f030xc.s...
compiling gpio.c...
compiling adc.c...
compiling stm32f0xx_hal_msp.c...
compiling stm32f0xx_hal_adc_ex.c...
compiling i2c.c...
compiling usart.c...
compiling stm32f0xx_it.c...
compiling main.c...
compiling freertos.c...
../Core/Src/freertos.c(389): warning:  #111-D: statement is unreachable
    modbus_mapping_free(mb_mapping);
../Core/Src/freertos.c: 1 warning, 0 errors
compiling stm32f0xx_hal_adc.c...
compiling stm32f0xx_hal_rcc_ex.c...
compiling stm32f0xx_hal.c...
compiling stm32f0xx_hal_i2c_ex.c...
compiling stm32f0xx_hal_gpio.c...
compiling stm32f0xx_hal_cortex.c...
compiling stm32f0xx_hal_pwr_ex.c...
compiling stm32f0xx_hal_dma.c...
compiling stm32f0xx_hal_pwr.c...
compiling stm32f0xx_hal_rcc.c...
compiling croutine.c...
compiling list.c...
compiling event_groups.c...
compiling stm32f0xx_hal_i2c.c...
compiling timers.c...
compiling queue.c...
compiling tasks.c...
compiling stm32f0xx_hal_flash.c...
compiling stm32f0xx_hal_exti.c...
compiling system_stm32f0xx.c...
compiling stm32f0xx_hal_uart_ex.c...
compiling stm32f0xx_hal_flash_ex.c...
compiling heap_4.c...
compiling port.c...
compiling errno.c...
compiling modbus-data.c...
..\Middlewares\Third_Party\libmodbus\modbus-data.c(60): warning:  #177-D: function "bswap_32"  was declared but never referenced
  static inline uint32_t bswap_32(uint32_t x)
..\Middlewares\Third_Party\libmodbus\modbus-data.c: 1 warning, 0 errors
compiling stm32f0xx_hal_uart.c...
compiling cmsis_os2.c...
compiling modbus.c...
..\Middlewares\Third_Party\libmodbus\modbus.c(152): warning:  #68-D: integer conversion resulted in a change of sign
          return MSG_LENGTH_UNDEFINED;
..\Middlewares\Third_Party\libmodbus\modbus.c(352): warning:  #177-D: variable "rset"  was declared but never referenced
      fd_set rset;
..\Middlewares\Third_Party\libmodbus\modbus.c(1011): warning:  #111-D: statement is unreachable
          break;
..\Middlewares\Third_Party\libmodbus\modbus.c: 3 warnings, 0 errors
compiling uart_device.c...
compiling modbus-st-rtu.c...
..\Middlewares\Third_Party\libmodbus\modbus-st-rtu.c(157): warning:  #68-D: integer conversion resulted in a change of sign
  		return -1;
..\Middlewares\Third_Party\libmodbus\modbus-st-rtu.c(195): warning:  #68-D: integer conversion resulted in a change of sign
  		return -1;
..\Middlewares\Third_Party\libmodbus\modbus-st-rtu.c: 2 warnings, 0 errors
linking...
Program Size: Code=19472 RO-data=1080 RW-data=188 ZI-data=8276  
FromELF: creating hex file...
"demo\demo.axf" - 0 Error(s), 7 Warning(s).

<h2>Software Packages used:</h2>

Package Vendor: ARM
                http://www.keil.com/pack/ARM.CMSIS.5.8.0.pack
                ARM.CMSIS.5.8.0
                CMSIS (Common Microcontroller Software Interface Standard)
   * Component: CORE Version: 5.5.0

Package Vendor: Keil
                https://www.keil.com/pack/Keil.STM32F0xx_DFP.2.1.1.pack
                Keil.STM32F0xx_DFP.2.1.1
                STMicroelectronics STM32F0 Series Device Support, Drivers and Examples

<h2>Collection of Component include folders:</h2>
  .\RTE\_demo
  D:\keil\keil5\ARM\PACK\ARM\CMSIS\5.8.0\CMSIS\Core\Include
  D:\keil\keil5\ARM\PACK\Keil\STM32F0xx_DFP\2.1.1\Drivers\CMSIS\Device\ST\STM32F0xx\Include

<h2>Collection of Component Files used:</h2>

   * Component: ARM::CMSIS:CORE:5.5.0
      Include file:  CMSIS\Core\Include\tz_context.h
Build Time Elapsed:  00:00:05
</pre>
</body>
</html>
