Component: ARM Compiler 5.06 update 7 (build 960) Tool: armlink [4d3601]

==============================================================================

Section Cross References

    startup_stm32f030xc.o(STACK) refers (Special) to heapauxi.o(.text) for __use_two_region_memory
    startup_stm32f030xc.o(HEAP) refers (Special) to heapauxi.o(.text) for __use_two_region_memory
    startup_stm32f030xc.o(RESET) refers (Special) to heapauxi.o(.text) for __use_two_region_memory
    startup_stm32f030xc.o(RESET) refers to startup_stm32f030xc.o(STACK) for __initial_sp
    startup_stm32f030xc.o(RESET) refers to startup_stm32f030xc.o(.text) for Reset_Handler
    startup_stm32f030xc.o(RESET) refers to stm32f0xx_it.o(i.NMI_Handler) for NMI_Handler
    startup_stm32f030xc.o(RESET) refers to stm32f0xx_it.o(i.HardFault_Handler) for HardFault_Handler
    startup_stm32f030xc.o(RESET) refers to port.o(i.SVC_Handler) for SVC_Handler
    startup_stm32f030xc.o(RESET) refers to port.o(.emb_text) for PendSV_Handler
    startup_stm32f030xc.o(RESET) refers to stm32f0xx_it.o(i.SysTick_Handler) for SysTick_Handler
    startup_stm32f030xc.o(RESET) refers to stm32f0xx_it.o(i.USART1_IRQHandler) for USART1_IRQHandler
    startup_stm32f030xc.o(.text) refers (Special) to heapauxi.o(.text) for __use_two_region_memory
    startup_stm32f030xc.o(.text) refers to system_stm32f0xx.o(i.SystemInit) for SystemInit
    startup_stm32f030xc.o(.text) refers to __main.o(!!!main) for __main
    startup_stm32f030xc.o(.text) refers to startup_stm32f030xc.o(HEAP) for Heap_Mem
    startup_stm32f030xc.o(.text) refers to startup_stm32f030xc.o(STACK) for Stack_Mem
    main.o(i.SystemClock_Config) refers to rt_memclr.o(.text) for __aeabi_memclr4
    main.o(i.SystemClock_Config) refers to stm32f0xx_hal_rcc.o(i.HAL_RCC_OscConfig) for HAL_RCC_OscConfig
    main.o(i.SystemClock_Config) refers to stm32f0xx_hal_rcc.o(i.HAL_RCC_ClockConfig) for HAL_RCC_ClockConfig
    main.o(i.SystemClock_Config) refers to stm32f0xx_hal_rcc_ex.o(i.HAL_RCCEx_PeriphCLKConfig) for HAL_RCCEx_PeriphCLKConfig
    main.o(i.main) refers to stm32f0xx_hal.o(i.HAL_Init) for HAL_Init
    main.o(i.main) refers to main.o(i.SystemClock_Config) for SystemClock_Config
    main.o(i.main) refers to gpio.o(i.MX_GPIO_Init) for MX_GPIO_Init
    main.o(i.main) refers to usart.o(i.MX_USART1_UART_Init) for MX_USART1_UART_Init
    main.o(i.main) refers to adc.o(i.MX_ADC_Init) for MX_ADC_Init
    main.o(i.main) refers to i2c.o(i.MX_I2C1_Init) for MX_I2C1_Init
    main.o(i.main) refers to cmsis_os2.o(i.osKernelInitialize) for osKernelInitialize
    main.o(i.main) refers to freertos.o(i.MX_FREERTOS_Init) for MX_FREERTOS_Init
    main.o(i.main) refers to cmsis_os2.o(i.osKernelStart) for osKernelStart
    gpio.o(i.MX_GPIO_Init) refers to rt_memclr.o(.text) for __aeabi_memclr4
    gpio.o(i.MX_GPIO_Init) refers to stm32f0xx_hal_gpio.o(i.HAL_GPIO_WritePin) for HAL_GPIO_WritePin
    gpio.o(i.MX_GPIO_Init) refers to stm32f0xx_hal_gpio.o(i.HAL_GPIO_Init) for HAL_GPIO_Init
    freertos.o(i.MX_FREERTOS_Init) refers to cmsis_os2.o(i.osThreadNew) for osThreadNew
    freertos.o(i.MX_FREERTOS_Init) refers to freertos.o(.constdata) for .constdata
    freertos.o(i.MX_FREERTOS_Init) refers to freertos.o(i.StartDefaultTask) for StartDefaultTask
    freertos.o(i.MX_FREERTOS_Init) refers to freertos.o(.data) for .data
    freertos.o(i.StartDefaultTask) refers to modbus-st-rtu.o(i.modbus_new_st_rtu) for modbus_new_st_rtu
    freertos.o(i.StartDefaultTask) refers to modbus.o(i.modbus_set_slave) for modbus_set_slave
    freertos.o(i.StartDefaultTask) refers to heap_4.o(i.pvPortMalloc) for pvPortMalloc
    freertos.o(i.StartDefaultTask) refers to modbus.o(i.modbus_mapping_new_start_address) for modbus_mapping_new_start_address
    freertos.o(i.StartDefaultTask) refers to rt_memclr.o(.text) for __aeabi_memclr
    freertos.o(i.StartDefaultTask) refers to aeabi_memset.o(.text) for __aeabi_memset
    freertos.o(i.StartDefaultTask) refers to modbus.o(i.modbus_connect) for modbus_connect
    freertos.o(i.StartDefaultTask) refers to modbus.o(i.modbus_free) for modbus_free
    freertos.o(i.StartDefaultTask) refers to tasks.o(i.vTaskDelete) for vTaskDelete
    freertos.o(i.StartDefaultTask) refers to modbus.o(i.modbus_receive) for modbus_receive
    freertos.o(i.StartDefaultTask) refers to stm32f0xx_hal_gpio.o(i.HAL_GPIO_ReadPin) for HAL_GPIO_ReadPin
    freertos.o(i.StartDefaultTask) refers to modbus.o(i.modbus_reply) for modbus_reply
    freertos.o(i.StartDefaultTask) refers to stm32f0xx_hal_gpio.o(i.HAL_GPIO_WritePin) for HAL_GPIO_WritePin
    freertos.o(i.StartDefaultTask) refers to errno.o(.data) for errno
    freertos.o(.constdata) refers to freertos.o(.conststring) for .conststring
    adc.o(i.HAL_ADC_MspDeInit) refers to stm32f0xx_hal_gpio.o(i.HAL_GPIO_DeInit) for HAL_GPIO_DeInit
    adc.o(i.HAL_ADC_MspInit) refers to rt_memclr.o(.text) for __aeabi_memclr4
[...]
    i._modbus_receive_msg                    0x08002748   Section        0  modbus.o(i._modbus_receive_msg)
    i._modbus_rtu_build_request_basis        0x08002900   Section        0  modbus-st-rtu.o(i._modbus_rtu_build_request_basis)
    _modbus_rtu_build_request_basis          0x08002901   Thumb Code    34  modbus-st-rtu.o(i._modbus_rtu_build_request_basis)
    i._modbus_rtu_build_response_basis       0x08002922   Section        0  modbus-st-rtu.o(i._modbus_rtu_build_response_basis)
    _modbus_rtu_build_response_basis         0x08002923   Thumb Code    12  modbus-st-rtu.o(i._modbus_rtu_build_response_basis)
    i._modbus_rtu_check_integrity            0x08002930   Section        0  modbus-st-rtu.o(i._modbus_rtu_check_integrity)
    _modbus_rtu_check_integrity              0x08002931   Thumb Code    78  modbus-st-rtu.o(i._modbus_rtu_check_integrity)
    i._modbus_rtu_close                      0x08002988   Section        0  modbus-st-rtu.o(i._modbus_rtu_close)
    _modbus_rtu_close                        0x08002989   Thumb Code     2  modbus-st-rtu.o(i._modbus_rtu_close)
    i._modbus_rtu_connect                    0x0800298a   Section        0  modbus-st-rtu.o(i._modbus_rtu_connect)
    _modbus_rtu_connect                      0x0800298b   Thumb Code    30  modbus-st-rtu.o(i._modbus_rtu_connect)
    i._modbus_rtu_flush                      0x080029a8   Section        0  modbus-st-rtu.o(i._modbus_rtu_flush)
    _modbus_rtu_flush                        0x080029a9   Thumb Code     8  modbus-st-rtu.o(i._modbus_rtu_flush)
    i._modbus_rtu_free                       0x080029b0   Section        0  modbus-st-rtu.o(i._modbus_rtu_free)
    _modbus_rtu_free                         0x080029b1   Thumb Code    30  modbus-st-rtu.o(i._modbus_rtu_free)
    i._modbus_rtu_is_connected               0x080029ce   Section        0  modbus-st-rtu.o(i._modbus_rtu_is_connected)
    _modbus_rtu_is_connected                 0x080029cf   Thumb Code     4  modbus-st-rtu.o(i._modbus_rtu_is_connected)
    i._modbus_rtu_pre_check_confirmation     0x080029d4   Section        0  modbus-st-rtu.o(i._modbus_rtu_pre_check_confirmation)
    _modbus_rtu_pre_check_confirmation       0x080029d5   Thumb Code    28  modbus-st-rtu.o(i._modbus_rtu_pre_check_confirmation)
    i._modbus_rtu_prepare_response_tid       0x080029f8   Section        0  modbus-st-rtu.o(i._modbus_rtu_prepare_response_tid)
    _modbus_rtu_prepare_response_tid         0x080029f9   Thumb Code    10  modbus-st-rtu.o(i._modbus_rtu_prepare_response_tid)
    i._modbus_rtu_receive                    0x08002a02   Section        0  modbus-st-rtu.o(i._modbus_rtu_receive)
    _modbus_rtu_receive                      0x08002a03   Thumb Code    38  modbus-st-rtu.o(i._modbus_rtu_receive)
    i._modbus_rtu_recv                       0x08002a28   Section        0  modbus-st-rtu.o(i._modbus_rtu_recv)
    _modbus_rtu_recv                         0x08002a29   Thumb Code    30  modbus-st-rtu.o(i._modbus_rtu_recv)
    i._modbus_rtu_select                     0x08002a4c   Section        0  modbus-st-rtu.o(i._modbus_rtu_select)
    _modbus_rtu_select                       0x08002a4d   Thumb Code     4  modbus-st-rtu.o(i._modbus_rtu_select)
    i._modbus_rtu_send                       0x08002a50   Section        0  modbus-st-rtu.o(i._modbus_rtu_send)
    _modbus_rtu_send                         0x08002a51   Thumb Code    34  modbus-st-rtu.o(i._modbus_rtu_send)
    i._modbus_rtu_send_msg_pre               0x08002a78   Section        0  modbus-st-rtu.o(i._modbus_rtu_send_msg_pre)
    _modbus_rtu_send_msg_pre                 0x08002a79   Thumb Code    26  modbus-st-rtu.o(i._modbus_rtu_send_msg_pre)
    i._modbus_set_slave                      0x08002a94   Section        0  modbus-st-rtu.o(i._modbus_set_slave)
    _modbus_set_slave                        0x08002a95   Thumb Code    38  modbus-st-rtu.o(i._modbus_set_slave)
    i._sleep_response_timeout                0x08002ac0   Section        0  modbus.o(i._sleep_response_timeout)
    _sleep_response_timeout                  0x08002ac1   Thumb Code    30  modbus.o(i._sleep_response_timeout)
    i.crc16                                  0x08002ae0   Section        0  modbus-st-rtu.o(i.crc16)
    crc16                                    0x08002ae1   Thumb Code    42  modbus-st-rtu.o(i.crc16)
    i.main                                   0x08002b10   Section        0  main.o(i.main)
    i.modbus_close                           0x08002b36   Section        0  modbus.o(i.modbus_close)
    i.modbus_connect                         0x08002b44   Section        0  modbus.o(i.modbus_connect)
    i.modbus_flush                           0x08002b60   Section        0  modbus.o(i.modbus_flush)
    i.modbus_free                            0x08002b7c   Section        0  modbus.o(i.modbus_free)
    i.modbus_mapping_new_start_address       0x08002b88   Section        0  modbus.o(i.modbus_mapping_new_start_address)
    i.modbus_new_st_rtu                      0x08002c4c   Section        0  modbus-st-rtu.o(i.modbus_new_st_rtu)
    i.modbus_receive                         0x08002cf8   Section        0  modbus.o(i.modbus_receive)
    i.modbus_reply                           0x08002d14   Section        0  modbus.o(i.modbus_reply)
    i.modbus_set_bits_from_bytes             0x08003400   Section        0  modbus-data.o(i.modbus_set_bits_from_bytes)
    i.modbus_set_slave                       0x0800343c   Section        0  modbus.o(i.modbus_set_slave)
    i.osKernelInitialize                     0x08003458   Section        0  cmsis_os2.o(i.osKernelInitialize)
    i.osKernelStart                          0x0800348c   Section        0  cmsis_os2.o(i.osKernelStart)
    i.osThreadNew                            0x080034c8   Section        0  cmsis_os2.o(i.osThreadNew)
    i.prvAddCurrentTaskToDelayedList         0x08003578   Section        0  tasks.o(i.prvAddCurrentTaskToDelayedList)
    prvAddCurrentTaskToDelayedList           0x08003579   Thumb Code    78  tasks.o(i.prvAddCurrentTaskToDelayedList)
    i.prvAddNewTaskToReadyList               0x080035d0   Section        0  tasks.o(i.prvAddNewTaskToReadyList)
    prvAddNewTaskToReadyList                 0x080035d1   Thumb Code   174  tasks.o(i.prvAddNewTaskToReadyList)
    i.prvCheckForValidListAndQueue           0x0800368c   Section        0  timers.o(i.prvCheckForValidListAndQueue)
    prvCheckForValidListAndQueue             0x0800368d   Thumb Code    74  timers.o(i.prvCheckForValidListAndQueue)
    i.prvCopyDataFromQueue                   0x080036e8   Section        0  queue.o(i.prvCopyDataFromQueue)
    prvCopyDataFromQueue                     0x080036e9   Thumb Code    38  queue.o(i.prvCopyDataFromQueue)
    i.prvCopyDataToQueue                     0x0800370e   Section        0  queue.o(i.prvCopyDataToQueue)
    prvCopyDataToQueue                       0x0800370f   Thumb Code   112  queue.o(i.prvCopyDataToQueue)
    i.prvDeleteTCB                           0x0800377e   Section        0  tasks.o(i.prvDeleteTCB)
    prvDeleteTCB                             0x0800377f   Thumb Code    38  tasks.o(i.prvDeleteTCB)
    i.prvHeapInit                            0x080037a4   Section        0  heap_4.o(i.prvHeapInit)
    prvHeapInit                              0x080037a5   Thumb Code    60  heap_4.o(i.prvHeapInit)
    i.prvIdleTask                            0x080037e8   Section        0  tasks.o(i.prvIdleTask)
    prvIdleTask                              0x080037e9   Thumb Code    62  tasks.o(i.prvIdleTask)
    i.prvInitialiseNewQueue                  0x08003834   Section        0  queue.o(i.prvInitialiseNewQueue)
    prvInitialiseNewQueue                    0x08003835   Thumb Code    34  queue.o(i.prvInitialiseNewQueue)
    i.prvInitialiseNewTask                   0x08003856   Section        0  tasks.o(i.prvInitialiseNewTask)
    prvInitialiseNewTask                     0x08003857   Thumb Code   136  tasks.o(i.prvInitialiseNewTask)
    i.prvInsertBlockIntoFreeList             0x080038e0   Section        0  heap_4.o(i.prvInsertBlockIntoFreeList)
    prvInsertBlockIntoFreeList               0x080038e1   Thumb Code    72  heap_4.o(i.prvInsertBlockIntoFreeList)
    i.prvInsertTimerInActiveList             0x0800392c   Section        0  timers.o(i.prvInsertTimerInActiveList)
    prvInsertTimerInActiveList               0x0800392d   Thumb Code    52  timers.o(i.prvInsertTimerInActiveList)
    i.prvIsQueueEmpty                        0x08003964   Section        0  queue.o(i.prvIsQueueEmpty)
    prvIsQueueEmpty                          0x08003965   Thumb Code    28  queue.o(i.prvIsQueueEmpty)
    i.prvProcessReceivedCommands             0x08003980   Section        0  timers.o(i.prvProcessReceivedCommands)
    prvProcessReceivedCommands               0x08003981   Thumb Code   184  timers.o(i.prvProcessReceivedCommands)
    i.prvProcessTimerOrBlockTask             0x08003a3c   Section        0  timers.o(i.prvProcessTimerOrBlockTask)
    prvProcessTimerOrBlockTask               0x08003a3d   Thumb Code   152  timers.o(i.prvProcessTimerOrBlockTask)
    i.prvResetNextTaskUnblockTime            0x08003ad8   Section        0  tasks.o(i.prvResetNextTaskUnblockTime)
    prvResetNextTaskUnblockTime              0x08003ad9   Thumb Code    28  tasks.o(i.prvResetNextTaskUnblockTime)
    i.prvSampleTimeNow                       0x08003af8   Section        0  timers.o(i.prvSampleTimeNow)
    prvSampleTimeNow                         0x08003af9   Thumb Code    36  timers.o(i.prvSampleTimeNow)
    i.prvSwitchTimerLists                    0x08003b20   Section        0  timers.o(i.prvSwitchTimerLists)
    prvSwitchTimerLists                      0x08003b21   Thumb Code    92  timers.o(i.prvSwitchTimerLists)
    i.prvTaskExitError                       0x08003b80   Section        0  port.o(i.prvTaskExitError)
    prvTaskExitError                         0x08003b81   Thumb Code    14  port.o(i.prvTaskExitError)
    i.prvTimerTask                           0x08003b94   Section        0  timers.o(i.prvTimerTask)
    prvTimerTask                             0x08003b95   Thumb Code    32  timers.o(i.prvTimerTask)
    i.prvUnlockQueue                         0x08003bb8   Section        0  queue.o(i.prvUnlockQueue)
    prvUnlockQueue                           0x08003bb9   Thumb Code   112  queue.o(i.prvUnlockQueue)
    i.pvPortMalloc                           0x08003c28   Section        0  heap_4.o(i.pvPortMalloc)
    i.pvTaskIncrementMutexHeldCount          0x08003cd8   Section        0  tasks.o(i.pvTaskIncrementMutexHeldCount)
    i.pxPortInitialiseStack                  0x08003cf0   Section        0  port.o(i.pxPortInitialiseStack)
    i.response_exception                     0x08003d10   Section        0  modbus.o(i.response_exception)
    response_exception                       0x08003d11   Thumb Code    50  modbus.o(i.response_exception)
    i.send_msg                               0x08003d44   Section        0  modbus.o(i.send_msg)
    send_msg                                 0x08003d45   Thumb Code   146  modbus.o(i.send_msg)
    i.stm32_uart_flush                       0x08003de0   Section        0  uart_device.o(i.stm32_uart_flush)
    stm32_uart_flush                         0x08003de1   Thumb Code    28  uart_device.o(i.stm32_uart_flush)
    i.stm32_uart_init                        0x08003dfc   Section        0  uart_device.o(i.stm32_uart_init)
    stm32_uart_init                          0x08003dfd   Thumb Code    60  uart_device.o(i.stm32_uart_init)
    i.stm32_uart_recv                        0x08003e38   Section        0  uart_device.o(i.stm32_uart_recv)
    stm32_uart_recv                          0x08003e39   Thumb Code    24  uart_device.o(i.stm32_uart_recv)
    i.stm32_uart_send                        0x08003e50   Section        0  uart_device.o(i.stm32_uart_send)
    stm32_uart_send                          0x08003e51   Thumb Code    62  uart_device.o(i.stm32_uart_send)
    i.uxListRemove                           0x08003e8e   Section        0  list.o(i.uxListRemove)
    i.vApplicationGetIdleTaskMemory          0x08003eb4   Section        0  cmsis_os2.o(i.vApplicationGetIdleTaskMemory)
    i.vApplicationGetTimerTaskMemory         0x08003ec8   Section        0  cmsis_os2.o(i.vApplicationGetTimerTaskMemory)
    i.vListInitialise                        0x08003ee0   Section        0  list.o(i.vListInitialise)
    i.vListInitialiseItem                    0x08003ef6   Section        0  list.o(i.vListInitialiseItem)
    i.vListInsert                            0x08003efc   Section        0  list.o(i.vListInsert)
    i.vListInsertEnd                         0x08003f2c   Section        0  list.o(i.vListInsertEnd)
    i.vPortEnterCritical                     0x08003f44   Section        0  port.o(i.vPortEnterCritical)
    i.vPortExitCritical                      0x08003f5c   Section        0  port.o(i.vPortExitCritical)
    i.vPortFree                              0x08003f78   Section        0  heap_4.o(i.vPortFree)
    i.vPortYield                             0x08003fbc   Section        0  port.o(i.vPortYield)
    i.vQueueAddToRegistry                    0x08003fd4   Section        0  queue.o(i.vQueueAddToRegistry)
    i.vQueueWaitForMessageRestricted         0x08003ff8   Section        0  queue.o(i.vQueueWaitForMessageRestricted)
    i.vTaskDelay                             0x0800403c   Section        0  tasks.o(i.vTaskDelay)
    i.vTaskDelete                            0x0800406c   Section        0  tasks.o(i.vTaskDelete)
    i.vTaskInternalSetTimeOutState           0x080040e4   Section        0  tasks.o(i.vTaskInternalSetTimeOutState)
    i.vTaskMissedYield                       0x080040f4   Section        0  tasks.o(i.vTaskMissedYield)
    i.vTaskPlaceOnEventList                  0x08004100   Section        0  tasks.o(i.vTaskPlaceOnEventList)
    i.vTaskPlaceOnEventListRestricted        0x08004124   Section        0  tasks.o(i.vTaskPlaceOnEventListRestricted)
    i.vTaskPriorityDisinheritAfterTimeout    0x08004154   Section        0  tasks.o(i.vTaskPriorityDisinheritAfterTimeout)
    i.vTaskStartScheduler                    0x080041c4   Section        0  tasks.o(i.vTaskStartScheduler)
    i.vTaskSuspendAll                        0x0800422c   Section        0  tasks.o(i.vTaskSuspendAll)
    i.vTaskSwitchContext                     0x0800423c   Section        0  tasks.o(i.vTaskSwitchContext)
    i.xPortStartScheduler                    0x08004294   Section        0  port.o(i.xPortStartScheduler)
    i.xPortSysTickHandler                    0x080042e4   Section        0  port.o(i.xPortSysTickHandler)
    i.xQueueGenericCreate                    0x08004308   Section        0  queue.o(i.xQueueGenericCreate)
    i.xQueueGenericCreateStatic              0x08004344   Section        0  queue.o(i.xQueueGenericCreateStatic)
    i.xQueueGenericReset                     0x08004384   Section        0  queue.o(i.xQueueGenericReset)
    i.xQueueGenericSend                      0x080043f0   Section        0  queue.o(i.xQueueGenericSend)
    i.xQueueGenericSendFromISR               0x08004508   Section        0  queue.o(i.xQueueGenericSendFromISR)
    i.xQueueGiveFromISR                      0x08004594   Section        0  queue.o(i.xQueueGiveFromISR)
    i.xQueueReceive                          0x08004608   Section        0  queue.o(i.xQueueReceive)
    i.xQueueSemaphoreTake                    0x0800470a   Section        0  queue.o(i.xQueueSemaphoreTake)
    i.xTaskCheckForTimeOut                   0x0800484c   Section        0  tasks.o(i.xTaskCheckForTimeOut)
    i.xTaskCreate                            0x080048a8   Section        0  tasks.o(i.xTaskCreate)
    i.xTaskCreateStatic                      0x080048fa   Section        0  tasks.o(i.xTaskCreateStatic)
    i.xTaskGetSchedulerState                 0x08004940   Section        0  tasks.o(i.xTaskGetSchedulerState)
    i.xTaskGetTickCount                      0x08004960   Section        0  tasks.o(i.xTaskGetTickCount)
    i.xTaskIncrementTick                     0x0800496c   Section        0  tasks.o(i.xTaskIncrementTick)
    i.xTaskPriorityDisinherit                0x08004a28   Section        0  tasks.o(i.xTaskPriorityDisinherit)
    i.xTaskPriorityInherit                   0x08004a90   Section        0  tasks.o(i.xTaskPriorityInherit)
    i.xTaskRemoveFromEventList               0x08004b08   Section        0  tasks.o(i.xTaskRemoveFromEventList)
    i.xTaskResumeAll                         0x08004b6c   Section        0  tasks.o(i.xTaskResumeAll)
    i.xTimerCreateTimerTask                  0x08004c1c   Section        0  timers.o(i.xTimerCreateTimerTask)
    i.xTimerGenericCommand                   0x08004c74   Section        0  timers.o(i.xTimerGenericCommand)
    .constdata                               0x08004cc8   Section       36  freertos.o(.constdata)
    .constdata                               0x08004cec   Section       32  stm32f0xx_hal_rcc.o(.constdata)
    aPLLMULFactorTable                       0x08004cec   Data          16  stm32f0xx_hal_rcc.o(.constdata)
    aPredivFactorTable                       0x08004cfc   Data          16  stm32f0xx_hal_rcc.o(.constdata)
    .constdata                               0x08004d0c   Section       16  system_stm32f0xx.o(.constdata)
    .constdata                               0x08004d1c   Section        8  system_stm32f0xx.o(.constdata)
    .constdata                               0x08004d24   Section      592  modbus-st-rtu.o(.constdata)
    table_crc_hi                             0x08004d24   Data         256  modbus-st-rtu.o(.constdata)
    table_crc_lo                             0x08004e24   Data         256  modbus-st-rtu.o(.constdata)
    .conststring                             0x08004f74   Section       12  freertos.o(.conststring)
    .conststring                             0x08004f80   Section        6  uart_device.o(.conststring)
    .conststring                             0x08004f88   Section      157  modbus.o(.conststring)
    .data                                    0x20000000   Section        4  freertos.o(.data)
    .data                                    0x20000004   Section       12  stm32f0xx_hal.o(.data)
    .data                                    0x20000010   Section        4  system_stm32f0xx.o(.data)
    .data                                    0x20000014   Section       60  tasks.o(.data)
    pxDelayedTaskList                        0x20000018   Data           4  tasks.o(.data)
    pxOverflowDelayedTaskList                0x2000001c   Data           4  tasks.o(.data)
    uxDeletedTasksWaitingCleanUp             0x20000020   Data           4  tasks.o(.data)
    uxCurrentNumberOfTasks                   0x20000024   Data           4  tasks.o(.data)
    xTickCount                               0x20000028   Data           4  tasks.o(.data)
    uxTopReadyPriority                       0x2000002c   Data           4  tasks.o(.data)
    xSchedulerRunning                        0x20000030   Data           4  tasks.o(.data)
    uxPendedTicks                            0x20000034   Data           4  tasks.o(.data)
    xYieldPending                            0x20000038   Data           4  tasks.o(.data)
    xNumOfOverflows                          0x2000003c   Data           4  tasks.o(.data)
    uxTaskNumber                             0x20000040   Data           4  tasks.o(.data)
    xNextTaskUnblockTime                     0x20000044   Data           4  tasks.o(.data)
    xIdleTaskHandle                          0x20000048   Data           4  tasks.o(.data)
    uxSchedulerSuspended                     0x2000004c   Data           4  tasks.o(.data)
    .data                                    0x20000050   Section       20  timers.o(.data)
    pxCurrentTimerList                       0x20000050   Data           4  timers.o(.data)
    pxOverflowTimerList                      0x20000054   Data           4  timers.o(.data)
    xTimerQueue                              0x20000058   Data           4  timers.o(.data)
    xTimerTaskHandle                         0x2000005c   Data           4  timers.o(.data)
    xLastTime                                0x20000060   Data           4  timers.o(.data)
    .data                                    0x20000064   Section        4  cmsis_os2.o(.data)
    KernelState                              0x20000064   Data           4  cmsis_os2.o(.data)
    .data                                    0x20000068   Section       24  heap_4.o(.data)
    pxEnd                                    0x20000068   Data           4  heap_4.o(.data)
    xFreeBytesRemaining                      0x2000006c   Data           4  heap_4.o(.data)
    xMinimumEverFreeBytesRemaining           0x20000070   Data           4  heap_4.o(.data)
    xBlockAllocatedBit                       0x20000074   Data           4  heap_4.o(.data)
    xStart                                   0x20000078   Data           8  heap_4.o(.data)
    .data                                    0x20000080   Section        4  port.o(.data)
    uxCriticalNesting                        0x20000080   Data           4  port.o(.data)
    .data                                    0x20000084   Section       24  uart_device.o(.data)
    g_uart1_data                             0x20000084   Data          24  uart_device.o(.data)
    .data                                    0x2000009c   Section       28  uart_device.o(.data)
    g_uart_devices                           0x2000009c   Data           4  uart_device.o(.data)
    .data                                    0x200000b8   Section        4  errno.o(.data)
    .bss                                     0x200000bc   Section       64  adc.o(.bss)
    .bss                                     0x200000fc   Section       84  i2c.o(.bss)
    .bss                                     0x20000150   Section      136  usart.o(.bss)
    .bss                                     0x200001d8   Section       64  queue.o(.bss)
    .bss                                     0x20000218   Section     1220  tasks.o(.bss)
    pxReadyTasksLists                        0x20000218   Data        1120  tasks.o(.bss)
    xDelayedTaskList1                        0x20000678   Data          20  tasks.o(.bss)
    xDelayedTaskList2                        0x2000068c   Data          20  tasks.o(.bss)
    xPendingReadyList                        0x200006a0   Data          20  tasks.o(.bss)
    xTasksWaitingTermination                 0x200006b4   Data          20  tasks.o(.bss)
    xSuspendedTaskList                       0x200006c8   Data          20  tasks.o(.bss)
    .bss                                     0x200006dc   Section      280  timers.o(.bss)
    xActiveTimerList1                        0x200006dc   Data          20  timers.o(.bss)
    xActiveTimerList2                        0x200006f0   Data          20  timers.o(.bss)
    xStaticTimerQueue                        0x20000704   Data          80  timers.o(.bss)
    ucStaticTimerQueueStorage                0x20000754   Data         160  timers.o(.bss)
    .bss                                     0x200007f4   Section     1720  cmsis_os2.o(.bss)
    Idle_TCB                                 0x200007f4   Data          92  cmsis_os2.o(.bss)
    Idle_Stack                               0x20000850   Data         512  cmsis_os2.o(.bss)
    Timer_TCB                                0x20000a50   Data          92  cmsis_os2.o(.bss)
    Timer_Stack                              0x20000aac   Data        1024  cmsis_os2.o(.bss)
    .bss                                     0x20000eac   Section     3072  heap_4.o(.bss)
    ucHeap                                   0x20000eac   Data        3072  heap_4.o(.bss)
    .bss                                     0x20001aac   Section       96  libspace.o(.bss)
    HEAP                                     0x20001b10   Section      512  startup_stm32f030xc.o(HEAP)
    Heap_Mem                                 0x20001b10   Data         512  startup_stm32f030xc.o(HEAP)
    STACK                                    0x20001d10   Section     1024  startup_stm32f030xc.o(STACK)
    Stack_Mem                                0x20001d10   Data        1024  startup_stm32f030xc.o(STACK)
    __initial_sp                             0x20002110   Data           0  startup_stm32f030xc.o(STACK)

    Global Symbols

    Symbol Name                              Value     Ov Type        Size  Object(Section)

    BuildAttributes$$THM_ISAv3M$S$PE$A:L22$X:L11$S22$IEEE1$IW$USESV6$~STKCKD$USESV7$~SHL$OSPACE$ROPI$EBA8$UX$STANDARDLIB$REQ8$PRES8$EABIv2 0x00000000   Number         0  anon$$obj.o ABSOLUTE
    __ARM_use_no_argv                        0x00000000   Number         0  main.o ABSOLUTE
    __ARM_exceptions_init                     - Undefined Weak Reference
    __alloca_initialize                       - Undefined Weak Reference
    __arm_fini_                               - Undefined Weak Reference
    __arm_preinit_                            - Undefined Weak Reference
    __cpp_initialize__aeabi_                  - Undefined Weak Reference
    __cxa_finalize                            - Undefined Weak Reference
    __rt_locale                               - Undefined Weak Reference
    __sigvec_lookup                           - Undefined Weak Reference
    _atexit_init                              - Undefined Weak Reference
    _call_atexit_fns                          - Undefined Weak Reference
    _clock_init                               - Undefined Weak Reference
    _fp_trap_init                             - Undefined Weak Reference
    _fp_trap_shutdown                         - Undefined Weak Reference
    _get_lc_collate                           - Undefined Weak Reference
    _get_lc_ctype                             - Undefined Weak Reference
    _get_lc_monetary                          - Undefined Weak Reference
    _get_lc_numeric                           - Undefined Weak Reference
    _get_lc_time                              - Undefined Weak Reference
    _getenv_init                              - Undefined Weak Reference
    _handle_redirection                       - Undefined Weak Reference
    _init_alloc                               - Undefined Weak Reference
    _init_user_alloc                          - Undefined Weak Reference
    _initio                                   - Undefined Weak Reference
    _rand_init                                - Undefined Weak Reference
    _signal_finish                            - Undefined Weak Reference
    _signal_init                              - Undefined Weak Reference
    _terminate_alloc                          - Undefined Weak Reference
    _terminate_user_alloc                     - Undefined Weak Reference
    _terminateio                              - Undefined Weak Reference
    __Vectors_Size                           0x000000b8   Number         0  startup_stm32f030xc.o ABSOLUTE
    __Vectors                                0x08000000   Data           4  startup_stm32f030xc.o(RESET)
    __Vectors_End                            0x080000b8   Data           0  startup_stm32f030xc.o(RESET)
    __main                                   0x080000b9   Thumb Code     8  __main.o(!!!main)
    __scatterload                            0x080000c1   Thumb Code     0  __scatter.o(!!!scatter)
    __scatterload_rt2                        0x080000c1   Thumb Code    52  __scatter.o(!!!scatter)
    __scatterload_rt2_thumb_only             0x080000c1   Thumb Code     0  __scatter.o(!!!scatter)
    __scatterload_null                       0x080000d1   Thumb Code     0  __scatter.o(!!!scatter)
    __scatterload_copy                       0x080000fd   Thumb Code    26  __scatter_copy.o(!!handler_copy)
    __scatterload_zeroinit                   0x08000119   Thumb Code    28  __scatter_zi.o(!!handler_zi)
    __rt_lib_init                            0x08000135   Thumb Code     0  libinit.o(.ARM.Collect$$libinit$$00000000)
    __rt_lib_init_alloca_1                   0x08000137   Thumb Code     0  libinit2.o(.ARM.Collect$$libinit$$0000002E)
    __rt_lib_init_argv_1                     0x08000137   Thumb Code     0  libinit2.o(.ARM.Collect$$libinit$$0000002C)
    __rt_lib_init_atexit_1                   0x08000137   Thumb Code     0  libinit2.o(.ARM.Collect$$libinit$$0000001B)
    __rt_lib_init_clock_1                    0x08000137   Thumb Code     0  libinit2.o(.ARM.Collect$$libinit$$00000021)
    __rt_lib_init_cpp_1                      0x08000137   Thumb Code     0  libinit2.o(.ARM.Collect$$libinit$$00000032)
    __rt_lib_init_exceptions_1               0x08000137   Thumb Code     0  libinit2.o(.ARM.Collect$$libinit$$00000030)
    __rt_lib_init_fp_1                       0x08000137   Thumb Code     0  libinit2.o(.ARM.Collect$$libinit$$00000002)
    __rt_lib_init_fp_trap_1                  0x08000137   Thumb Code     0  libinit2.o(.ARM.Collect$$libinit$$0000001F)
    __rt_lib_init_getenv_1                   0x08000137   Thumb Code     0  libinit2.o(.ARM.Collect$$libinit$$00000023)
    __rt_lib_init_heap_1                     0x08000137   Thumb Code     0  libinit2.o(.ARM.Collect$$libinit$$0000000A)
    __rt_lib_init_lc_collate_1               0x08000137   Thumb Code     0  libinit2.o(.ARM.Collect$$libinit$$00000011)
    __rt_lib_init_lc_ctype_1                 0x08000137   Thumb Code     0  libinit2.o(.ARM.Collect$$libinit$$00000013)
    __rt_lib_init_lc_monetary_1              0x08000137   Thumb Code     0  libinit2.o(.ARM.Collect$$libinit$$00000015)
    __rt_lib_init_lc_numeric_1               0x08000137   Thumb Code     0  libinit2.o(.ARM.Collect$$libinit$$00000017)
    __rt_lib_init_lc_time_1                  0x08000137   Thumb Code     0  libinit2.o(.ARM.Collect$$libinit$$00000019)
    __rt_lib_init_preinit_1                  0x08000137   Thumb Code     0  libinit2.o(.ARM.Collect$$libinit$$00000004)
    __rt_lib_init_rand_1                     0x08000137   Thumb Code     0  libinit2.o(.ARM.Collect$$libinit$$0000000E)
    __rt_lib_init_return                     0x08000137   Thumb Code     0  libinit2.o(.ARM.Collect$$libinit$$00000033)
    __rt_lib_init_signal_1                   0x08000137   Thumb Code     0  libinit2.o(.ARM.Collect$$libinit$$0000001D)
    __rt_lib_init_stdio_1                    0x08000137   Thumb Code     0  libinit2.o(.ARM.Collect$$libinit$$00000025)
    __rt_lib_init_user_alloc_1               0x08000137   Thumb Code     0  libinit2.o(.ARM.Collect$$libinit$$0000000C)
    __rt_lib_shutdown                        0x08000139   Thumb Code     0  libshutdown.o(.ARM.Collect$$libshutdown$$00000000)
    __rt_lib_shutdown_cpp_1                  0x0800013b   Thumb Code     0  libshutdown2.o(.ARM.Collect$$libshutdown$$00000004)
    __rt_lib_shutdown_fini_1                 0x0800013b   Thumb Code     0  libshutdown2.o(.ARM.Collect$$libshutdown$$00000002)
    __rt_lib_shutdown_fp_trap_1              0x0800013b   Thumb Code     0  libshutdown2.o(.ARM.Collect$$libshutdown$$00000009)
    __rt_lib_shutdown_heap_1                 0x0800013b   Thumb Code     0  libshutdown2.o(.ARM.Collect$$libshutdown$$00000011)
    __rt_lib_shutdown_return                 0x0800013b   Thumb Code     0  libshutdown2.o(.ARM.Collect$$libshutdown$$00000012)
    __rt_lib_shutdown_signal_1               0x0800013b   Thumb Code     0  libshutdown2.o(.ARM.Collect$$libshutdown$$0000000C)
    __rt_lib_shutdown_stdio_1                0x0800013b   Thumb Code     0  libshutdown2.o(.ARM.Collect$$libshutdown$$00000006)
    __rt_lib_shutdown_user_alloc_1           0x0800013b   Thumb Code     0  libshutdown2.o(.ARM.Collect$$libshutdown$$0000000E)
    __rt_entry                               0x0800013d   Thumb Code     0  __rtentry.o(.ARM.Collect$$rtentry$$00000000)
    __rt_entry_presh_1                       0x0800013d   Thumb Code     0  __rtentry2.o(.ARM.Collect$$rtentry$$00000002)
    __rt_entry_sh                            0x0800013d   Thumb Code     0  __rtentry4.o(.ARM.Collect$$rtentry$$00000004)
    __rt_entry_li                            0x08000143   Thumb Code     0  __rtentry2.o(.ARM.Collect$$rtentry$$0000000A)
    __rt_entry_postsh_1                      0x08000143   Thumb Code     0  __rtentry2.o(.ARM.Collect$$rtentry$$00000009)
    __rt_entry_main                          0x08000147   Thumb Code     0  __rtentry2.o(.ARM.Collect$$rtentry$$0000000D)
    __rt_entry_postli_1                      0x08000147   Thumb Code     0  __rtentry2.o(.ARM.Collect$$rtentry$$0000000C)
    __rt_exit                                0x0800014f   Thumb Code     0  rtexit.o(.ARM.Collect$$rtexit$$00000000)
    __rt_exit_ls                             0x08000151   Thumb Code     0  rtexit2.o(.ARM.Collect$$rtexit$$00000003)
    __rt_exit_prels_1                        0x08000151   Thumb Code     0  rtexit2.o(.ARM.Collect$$rtexit$$00000002)
    __rt_exit_exit                           0x08000155   Thumb Code     0  rtexit2.o(.ARM.Collect$$rtexit$$00000004)
    __asm___6_port_c_39a90d8d__prvPortStartFirstTask 0x0800015d   Thumb Code    36  port.o(.emb_text)
    ulSetInterruptMaskFromISR                0x08000185   Thumb Code     8  port.o(.emb_text)
    vClearInterruptMaskFromISR               0x0800018d   Thumb Code     6  port.o(.emb_text)
    PendSV_Handler                           0x08000193   Thumb Code    62  port.o(.emb_text)
    __aeabi_memcpy4                          0x080001d5   Thumb Code    56  rt_memcpy.o(.emb_text)
    __aeabi_memcpy8                          0x080001d5   Thumb Code     0  rt_memcpy.o(.emb_text)
    Reset_Handler                            0x0800020d   Thumb Code     8  startup_stm32f030xc.o(.text)
    ADC1_IRQHandler                          0x0800021f   Thumb Code     0  startup_stm32f030xc.o(.text)
    DMA1_Channel1_IRQHandler                 0x0800021f   Thumb Code     0  startup_stm32f030xc.o(.text)
    DMA1_Channel2_3_IRQHandler               0x0800021f   Thumb Code     0  startup_stm32f030xc.o(.text)
    DMA1_Channel4_5_IRQHandler               0x0800021f   Thumb Code     0  startup_stm32f030xc.o(.text)
    EXTI0_1_IRQHandler                       0x0800021f   Thumb Code     0  startup_stm32f030xc.o(.text)
    EXTI2_3_IRQHandler                       0x0800021f   Thumb Code     0  startup_stm32f030xc.o(.text)
    EXTI4_15_IRQHandler                      0x0800021f   Thumb Code     0  startup_stm32f030xc.o(.text)
    FLASH_IRQHandler                         0x0800021f   Thumb Code     0  startup_stm32f030xc.o(.text)
    I2C1_IRQHandler                          0x0800021f   Thumb Code     0  startup_stm32f030xc.o(.text)
    I2C2_IRQHandler                          0x0800021f   Thumb Code     0  startup_stm32f030xc.o(.text)
    RCC_IRQHandler                           0x0800021f   Thumb Code     0  startup_stm32f030xc.o(.text)
    RTC_IRQHandler                           0x0800021f   Thumb Code     0  startup_stm32f030xc.o(.text)
    SPI1_IRQHandler                          0x0800021f   Thumb Code     0  startup_stm32f030xc.o(.text)
    SPI2_IRQHandler                          0x0800021f   Thumb Code     0  startup_stm32f030xc.o(.text)
    TIM14_IRQHandler                         0x0800021f   Thumb Code     0  startup_stm32f030xc.o(.text)
    TIM15_IRQHandler                         0x0800021f   Thumb Code     0  startup_stm32f030xc.o(.text)
    TIM16_IRQHandler                         0x0800021f   Thumb Code     0  startup_stm32f030xc.o(.text)
    TIM17_IRQHandler                         0x0800021f   Thumb Code     0  startup_stm32f030xc.o(.text)
    TIM1_BRK_UP_TRG_COM_IRQHandler           0x0800021f   Thumb Code     0  startup_stm32f030xc.o(.text)
    TIM1_CC_IRQHandler                       0x0800021f   Thumb Code     0  startup_stm32f030xc.o(.text)
    TIM3_IRQHandler                          0x0800021f   Thumb Code     0  startup_stm32f030xc.o(.text)
    TIM6_IRQHandler                          0x0800021f   Thumb Code     0  startup_stm32f030xc.o(.text)
    TIM7_IRQHandler                          0x0800021f   Thumb Code     0  startup_stm32f030xc.o(.text)
    USART2_IRQHandler                        0x0800021f   Thumb Code     0  startup_stm32f030xc.o(.text)
    USART3_6_IRQHandler                      0x0800021f   Thumb Code     0  startup_stm32f030xc.o(.text)
    WWDG_IRQHandler                          0x0800021f   Thumb Code     0  startup_stm32f030xc.o(.text)
    __user_initial_stackheap                 0x08000221   Thumb Code     0  startup_stm32f030xc.o(.text)
    __aeabi_uldivmod                         0x08000245   Thumb Code   258  lludiv.o(.text)
    _ll_udiv                                 0x08000245   Thumb Code     0  lludiv.o(.text)
    abort                                    0x08000347   Thumb Code    20  abort.o(.text)
    strcpy                                   0x0800035d   Thumb Code    70  strcpy.o(.text)
    strlen                                   0x080003a9   Thumb Code    62  strlen.o(.text)
    __aeabi_memcpy                           0x080003ed   Thumb Code   130  rt_memcpy.o(.text)
    __rt_memcpy                              0x080003ed   Thumb Code     0  rt_memcpy.o(.text)
    __aeabi_memset                           0x0800046f   Thumb Code    18  aeabi_memset.o(.text)
    _memset_w                                0x08000481   Thumb Code    26  rt_memclr.o(.text)
    _memset                                  0x0800049b   Thumb Code    30  rt_memclr.o(.text)
    __aeabi_memclr                           0x080004b9   Thumb Code     4  rt_memclr.o(.text)
    __rt_memclr                              0x080004b9   Thumb Code     0  rt_memclr.o(.text)
    __aeabi_memclr4                          0x080004bd   Thumb Code     0  rt_memclr.o(.text)
    __aeabi_memclr8                          0x080004bd   Thumb Code     0  rt_memclr.o(.text)
    __rt_memclr_w                            0x080004bd   Thumb Code     4  rt_memclr.o(.text)
    strcmp                                   0x080004c1   Thumb Code   132  strcmp.o(.text)
    __aeabi_uidiv                            0x08000549   Thumb Code     0  aeabi_sdiv.o(.text)
    __aeabi_uidivmod                         0x08000549   Thumb Code    20  aeabi_sdiv.o(.text)
    __aeabi_idiv                             0x0800055d   Thumb Code     0  aeabi_sdiv.o(.text)
    __aeabi_idivmod                          0x0800055d   Thumb Code   326  aeabi_sdiv.o(.text)
    __use_two_region_memory                  0x080006a3   Thumb Code     2  heapauxi.o(.text)
    __rt_heap_escrow$2region                 0x080006a5   Thumb Code     2  heapauxi.o(.text)
    __rt_heap_expand$2region                 0x080006a7   Thumb Code     2  heapauxi.o(.text)
    _sys_exit                                0x080006a9   Thumb Code     8  sys_exit.o(.text)
    __rt_SIGABRT                             0x080006b5   Thumb Code    12  defsig_abrt_outer.o(.text)
    __I$use$semihosting                      0x080006c1   Thumb Code     0  use_no_semi.o(.text)
    __use_no_semihosting_swi                 0x080006c1   Thumb Code     2  use_no_semi.o(.text)
    __semihosting_library_function           0x080006c3   Thumb Code     0  indicate_semi.o(.text)
    __sig_exit                               0x080006c3   Thumb Code    12  defsig_exit.o(.text)
    __rt_SIGABRT_inner                       0x080006d1   Thumb Code    14  defsig_abrt_inner.o(.text)
    __user_setup_stackheap                   0x08000701   Thumb Code    62  sys_stackheap_outer.o(.text)
    exit                                     0x0800073f   Thumb Code    16  exit.o(.text)
    __default_signal_display                 0x0800074f   Thumb Code    52  defsig_general.o(.text)
    _ttywrch                                 0x08000783   Thumb Code    12  sys_wrch.o(.text)
    __user_libspace                          0x08000791   Thumb Code     8  libspace.o(.text)
    __user_perproc_libspace                  0x08000791   Thumb Code     0  libspace.o(.text)
    __user_perthread_libspace                0x08000791   Thumb Code     0  libspace.o(.text)
    Error_Handler                            0x08000799   Thumb Code     4  main.o(i.Error_Handler)
    GetUARTDevice                            0x0800079d   Thumb Code    24  uart_device.o(i.GetUARTDevice)
    HAL_ADC_ConfigChannel                    0x080007b9   Thumb Code   254  stm32f0xx_hal_adc.o(i.HAL_ADC_ConfigChannel)
    HAL_ADC_Init                             0x080008c9   Thumb Code   366  stm32f0xx_hal_adc.o(i.HAL_ADC_Init)
    HAL_ADC_MspInit                          0x08000a41   Thumb Code    78  adc.o(i.HAL_ADC_MspInit)
    HAL_DMA_Abort                            0x08000a99   Thumb Code    64  stm32f0xx_hal_dma.o(i.HAL_DMA_Abort)
    HAL_DMA_Abort_IT                         0x08000ad9   Thumb Code    72  stm32f0xx_hal_dma.o(i.HAL_DMA_Abort_IT)
    HAL_GPIO_DeInit                          0x08000b21   Thumb Code   192  stm32f0xx_hal_gpio.o(i.HAL_GPIO_DeInit)
    HAL_GPIO_Init                            0x08000bf5   Thumb Code   396  stm32f0xx_hal_gpio.o(i.HAL_GPIO_Init)
    HAL_GPIO_ReadPin                         0x08000d99   Thumb Code    10  stm32f0xx_hal_gpio.o(i.HAL_GPIO_ReadPin)
    HAL_GPIO_WritePin                        0x08000da3   Thumb Code    12  stm32f0xx_hal_gpio.o(i.HAL_GPIO_WritePin)
    HAL_GetTick                              0x08000db1   Thumb Code     6  stm32f0xx_hal.o(i.HAL_GetTick)
    HAL_I2CEx_ConfigAnalogFilter             0x08000dbd   Thumb Code    74  stm32f0xx_hal_i2c_ex.o(i.HAL_I2CEx_ConfigAnalogFilter)
    HAL_I2CEx_ConfigDigitalFilter            0x08000e07   Thumb Code    72  stm32f0xx_hal_i2c_ex.o(i.HAL_I2CEx_ConfigDigitalFilter)
    HAL_I2C_Init                             0x08000e51   Thumb Code   182  stm32f0xx_hal_i2c.o(i.HAL_I2C_Init)
    HAL_I2C_MspInit                          0x08000f0d   Thumb Code    88  i2c.o(i.HAL_I2C_MspInit)
    HAL_IncTick                              0x08000f71   Thumb Code    12  stm32f0xx_hal.o(i.HAL_IncTick)
    HAL_Init                                 0x08000f81   Thumb Code    26  stm32f0xx_hal.o(i.HAL_Init)
    HAL_InitTick                             0x08000fa1   Thumb Code    58  stm32f0xx_hal.o(i.HAL_InitTick)
    HAL_MspInit                              0x08000fe5   Thumb Code    44  stm32f0xx_hal_msp.o(i.HAL_MspInit)
    HAL_NVIC_DisableIRQ                      0x08001015   Thumb Code    26  stm32f0xx_hal_cortex.o(i.HAL_NVIC_DisableIRQ)
    HAL_NVIC_EnableIRQ                       0x08001035   Thumb Code    18  stm32f0xx_hal_cortex.o(i.HAL_NVIC_EnableIRQ)
    HAL_NVIC_SetPriority                     0x0800104d   Thumb Code     8  stm32f0xx_hal_cortex.o(i.HAL_NVIC_SetPriority)
    HAL_RCCEx_PeriphCLKConfig                0x08001055   Thumb Code   218  stm32f0xx_hal_rcc_ex.o(i.HAL_RCCEx_PeriphCLKConfig)
    HAL_RCC_ClockConfig                      0x0800113d   Thumb Code   242  stm32f0xx_hal_rcc.o(i.HAL_RCC_ClockConfig)
    HAL_RCC_GetPCLK1Freq                     0x08001245   Thumb Code    20  stm32f0xx_hal_rcc.o(i.HAL_RCC_GetPCLK1Freq)
    HAL_RCC_GetSysClockFreq                  0x08001265   Thumb Code    62  stm32f0xx_hal_rcc.o(i.HAL_RCC_GetSysClockFreq)
    HAL_RCC_OscConfig                        0x080012b1   Thumb Code   892  stm32f0xx_hal_rcc.o(i.HAL_RCC_OscConfig)
    HAL_SYSTICK_Config                       0x08001639   Thumb Code    38  stm32f0xx_hal_cortex.o(i.HAL_SYSTICK_Config)
    HAL_UARTEx_RxEventCallback               0x08001669   Thumb Code     2  stm32f0xx_hal_uart.o(i.HAL_UARTEx_RxEventCallback)
    HAL_UART_DeInit                          0x0800166b   Thumb Code    66  stm32f0xx_hal_uart.o(i.HAL_UART_DeInit)
    HAL_UART_ErrorCallback                   0x080016ad   Thumb Code    38  uart_device.o(i.HAL_UART_ErrorCallback)
    HAL_UART_IRQHandler                      0x080016dd   Thumb Code   648  stm32f0xx_hal_uart.o(i.HAL_UART_IRQHandler)
    HAL_UART_Init                            0x08001971   Thumb Code   106  stm32f0xx_hal_uart.o(i.HAL_UART_Init)
    HAL_UART_MspDeInit                       0x080019dd   Thumb Code    42  usart.o(i.HAL_UART_MspDeInit)
    HAL_UART_MspInit                         0x08001a11   Thumb Code   106  usart.o(i.HAL_UART_MspInit)
    HAL_UART_Receive_IT                      0x08001a85   Thumb Code    88  stm32f0xx_hal_uart.o(i.HAL_UART_Receive_IT)
    HAL_UART_RxCpltCallback                  0x08001add   Thumb Code    40  uart_device.o(i.HAL_UART_RxCpltCallback)
    HAL_UART_Transmit_IT                     0x08001b0d   Thumb Code   112  stm32f0xx_hal_uart.o(i.HAL_UART_Transmit_IT)
    HAL_UART_TxCpltCallback                  0x08001b85   Thumb Code    32  uart_device.o(i.HAL_UART_TxCpltCallback)
    HardFault_Handler                        0x08001bad   Thumb Code     2  stm32f0xx_it.o(i.HardFault_Handler)
    MX_ADC_Init                              0x08001bb1   Thumb Code   116  adc.o(i.MX_ADC_Init)
    MX_FREERTOS_Init                         0x08001c2d   Thumb Code    18  freertos.o(i.MX_FREERTOS_Init)
    MX_GPIO_Init                             0x08001c4d   Thumb Code   134  gpio.o(i.MX_GPIO_Init)
    MX_I2C1_Init                             0x08001ce1   Thumb Code    76  i2c.o(i.MX_I2C1_Init)
    MX_USART1_UART_Init                      0x08001d39   Thumb Code    48  usart.o(i.MX_USART1_UART_Init)
    NMI_Handler                              0x08001d71   Thumb Code     2  stm32f0xx_it.o(i.NMI_Handler)
    SVC_Handler                              0x08001d73   Thumb Code     2  port.o(i.SVC_Handler)
    StartDefaultTask                         0x08001d75   Thumb Code   336  freertos.o(i.StartDefaultTask)
    SysTick_Handler                          0x08001ed9   Thumb Code    24  stm32f0xx_it.o(i.SysTick_Handler)
    SystemClock_Config                       0x08001ef5   Thumb Code   126  main.o(i.SystemClock_Config)
    SystemInit                               0x08001f73   Thumb Code     2  system_stm32f0xx.o(i.SystemInit)
    UART_AdvFeatureConfig                    0x08001f75   Thumb Code   202  stm32f0xx_hal_uart.o(i.UART_AdvFeatureConfig)
    UART_CheckIdleState                      0x08002041   Thumb Code   190  stm32f0xx_hal_uart.o(i.UART_CheckIdleState)
    UART_SetConfig                           0x08002315   Thumb Code   304  stm32f0xx_hal_uart.o(i.UART_SetConfig)
    UART_Start_Receive_IT                    0x0800246d   Thumb Code   188  stm32f0xx_hal_uart.o(i.UART_Start_Receive_IT)
    UART_WaitOnFlagUntilTimeout              0x080025ed   Thumb Code   150  stm32f0xx_hal_uart.o(i.UART_WaitOnFlagUntilTimeout)
    USART1_IRQHandler                        0x08002685   Thumb Code    10  stm32f0xx_it.o(i.USART1_IRQHandler)
    __ARM_common_ll_muluu                    0x08002695   Thumb Code    48  stm32f0xx_hal_rcc.o(i.__ARM_common_ll_muluu)
    __ARM_common_switch8                     0x080026c5   Thumb Code    26  stm32f0xx_hal_dma.o(i.__ARM_common_switch8)
    _modbus_init_common                      0x08002725   Thumb Code    32  modbus.o(i._modbus_init_common)
    _modbus_receive_msg                      0x08002749   Thumb Code   432  modbus.o(i._modbus_receive_msg)
    main                                     0x08002b11   Thumb Code    38  main.o(i.main)
    modbus_close                             0x08002b37   Thumb Code    12  modbus.o(i.modbus_close)
    modbus_connect                           0x08002b45   Thumb Code    22  modbus.o(i.modbus_connect)
    modbus_flush                             0x08002b61   Thumb Code    22  modbus.o(i.modbus_flush)
    modbus_free                              0x08002b7d   Thumb Code    12  modbus.o(i.modbus_free)
    modbus_mapping_new_start_address         0x08002b89   Thumb Code   196  modbus.o(i.modbus_mapping_new_start_address)
    modbus_new_st_rtu                        0x08002c4d   Thumb Code   164  modbus-st-rtu.o(i.modbus_new_st_rtu)
    modbus_receive                           0x08002cf9   Thumb Code    22  modbus.o(i.modbus_receive)
    modbus_reply                             0x08002d15   Thumb Code  1730  modbus.o(i.modbus_reply)
    modbus_set_bits_from_bytes               0x08003401   Thumb Code    60  modbus-data.o(i.modbus_set_bits_from_bytes)
    modbus_set_slave                         0x0800343d   Thumb Code    22  modbus.o(i.modbus_set_slave)
    osKernelInitialize                       0x08003459   Thumb Code    48  cmsis_os2.o(i.osKernelInitialize)
    osKernelStart                            0x0800348d   Thumb Code    54  cmsis_os2.o(i.osKernelStart)
    osThreadNew                              0x080034c9   Thumb Code   172  cmsis_os2.o(i.osThreadNew)
    pvPortMalloc                             0x08003c29   Thumb Code   172  heap_4.o(i.pvPortMalloc)
    pvTaskIncrementMutexHeldCount            0x08003cd9   Thumb Code    20  tasks.o(i.pvTaskIncrementMutexHeldCount)
    pxPortInitialiseStack                    0x08003cf1   Thumb Code    28  port.o(i.pxPortInitialiseStack)
    uxListRemove                             0x08003e8f   Thumb Code    38  list.o(i.uxListRemove)
    vApplicationGetIdleTaskMemory            0x08003eb5   Thumb Code    16  cmsis_os2.o(i.vApplicationGetIdleTaskMemory)
    vApplicationGetTimerTaskMemory           0x08003ec9   Thumb Code    18  cmsis_os2.o(i.vApplicationGetTimerTaskMemory)
    vListInitialise                          0x08003ee1   Thumb Code    22  list.o(i.vListInitialise)
    vListInitialiseItem                      0x08003ef7   Thumb Code     6  list.o(i.vListInitialiseItem)
    vListInsert                              0x08003efd   Thumb Code    48  list.o(i.vListInsert)
    vListInsertEnd                           0x08003f2d   Thumb Code    24  list.o(i.vListInsertEnd)
    vPortEnterCritical                       0x08003f45   Thumb Code    20  port.o(i.vPortEnterCritical)
    vPortExitCritical                        0x08003f5d   Thumb Code    22  port.o(i.vPortExitCritical)
    vPortFree                                0x08003f79   Thumb Code    62  heap_4.o(i.vPortFree)
    vPortYield                               0x08003fbd   Thumb Code    18  port.o(i.vPortYield)
    vQueueAddToRegistry                      0x08003fd5   Thumb Code    32  queue.o(i.vQueueAddToRegistry)
    vQueueWaitForMessageRestricted           0x08003ff9   Thumb Code    68  queue.o(i.vQueueWaitForMessageRestricted)
    vTaskDelay                               0x0800403d   Thumb Code    44  tasks.o(i.vTaskDelay)
    vTaskDelete                              0x0800406d   Thumb Code   112  tasks.o(i.vTaskDelete)
    vTaskInternalSetTimeOutState             0x080040e5   Thumb Code    12  tasks.o(i.vTaskInternalSetTimeOutState)
    vTaskMissedYield                         0x080040f5   Thumb Code     8  tasks.o(i.vTaskMissedYield)
    vTaskPlaceOnEventList                    0x08004101   Thumb Code    32  tasks.o(i.vTaskPlaceOnEventList)
    vTaskPlaceOnEventListRestricted          0x08004125   Thumb Code    42  tasks.o(i.vTaskPlaceOnEventListRestricted)
    vTaskPriorityDisinheritAfterTimeout      0x08004155   Thumb Code   104  tasks.o(i.vTaskPriorityDisinheritAfterTimeout)
    vTaskStartScheduler                      0x080041c5   Thumb Code    88  tasks.o(i.vTaskStartScheduler)
    vTaskSuspendAll                          0x0800422d   Thumb Code    10  tasks.o(i.vTaskSuspendAll)
    vTaskSwitchContext                       0x0800423d   Thumb Code    78  tasks.o(i.vTaskSwitchContext)
    xPortStartScheduler                      0x08004295   Thumb Code    62  port.o(i.xPortStartScheduler)
    xPortSysTickHandler                      0x080042e5   Thumb Code    32  port.o(i.xPortSysTickHandler)
    xQueueGenericCreate                      0x08004309   Thumb Code    60  queue.o(i.xQueueGenericCreate)
    xQueueGenericCreateStatic                0x08004345   Thumb Code    64  queue.o(i.xQueueGenericCreateStatic)
    xQueueGenericReset                       0x08004385   Thumb Code   108  queue.o(i.xQueueGenericReset)
    xQueueGenericSend                        0x080043f1   Thumb Code   280  queue.o(i.xQueueGenericSend)
    xQueueGenericSendFromISR                 0x08004509   Thumb Code   140  queue.o(i.xQueueGenericSendFromISR)
    xQueueGiveFromISR                        0x08004595   Thumb Code   116  queue.o(i.xQueueGiveFromISR)
    xQueueReceive                            0x08004609   Thumb Code   258  queue.o(i.xQueueReceive)
    xQueueSemaphoreTake                      0x0800470b   Thumb Code   320  queue.o(i.xQueueSemaphoreTake)
    xTaskCheckForTimeOut                     0x0800484d   Thumb Code    86  tasks.o(i.xTaskCheckForTimeOut)
    xTaskCreate                              0x080048a9   Thumb Code    82  tasks.o(i.xTaskCreate)
    xTaskCreateStatic                        0x080048fb   Thumb Code    68  tasks.o(i.xTaskCreateStatic)
    xTaskGetSchedulerState                   0x08004941   Thumb Code    26  tasks.o(i.xTaskGetSchedulerState)
    xTaskGetTickCount                        0x08004961   Thumb Code     6  tasks.o(i.xTaskGetTickCount)
    xTaskIncrementTick                       0x0800496d   Thumb Code   180  tasks.o(i.xTaskIncrementTick)
    xTaskPriorityDisinherit                  0x08004a29   Thumb Code    96  tasks.o(i.xTaskPriorityDisinherit)
    xTaskPriorityInherit                     0x08004a91   Thumb Code   110  tasks.o(i.xTaskPriorityInherit)
    xTaskRemoveFromEventList                 0x08004b09   Thumb Code    88  tasks.o(i.xTaskRemoveFromEventList)
    xTaskResumeAll                           0x08004b6d   Thumb Code   162  tasks.o(i.xTaskResumeAll)
    xTimerCreateTimerTask                    0x08004c1d   Thumb Code    72  timers.o(i.xTimerCreateTimerTask)
    xTimerGenericCommand                     0x08004c75   Thumb Code    80  timers.o(i.xTimerGenericCommand)
    defaultTask_attributes                   0x08004cc8   Data          36  freertos.o(.constdata)
    AHBPrescTable                            0x08004d0c   Data          16  system_stm32f0xx.o(.constdata)
    APBPrescTable                            0x08004d1c   Data           8  system_stm32f0xx.o(.constdata)
    _modbus_rtu_backend_uart                 0x08004f24   Data          80  modbus-st-rtu.o(.constdata)
    Region$$Table$$Base                      0x08005028   Number         0  anon$$obj.o(Region$$Table)
    Region$$Table$$Limit                     0x08005048   Number         0  anon$$obj.o(Region$$Table)
    defaultTaskHandle                        0x20000000   Data           4  freertos.o(.data)
    uwTickFreq                               0x20000004   Data           1  stm32f0xx_hal.o(.data)
    uwTickPrio                               0x20000008   Data           4  stm32f0xx_hal.o(.data)
    uwTick                                   0x2000000c   Data           4  stm32f0xx_hal.o(.data)
    SystemCoreClock                          0x20000010   Data           4  system_stm32f0xx.o(.data)
    pxCurrentTCB                             0x20000014   Data           4  tasks.o(.data)
    g_uart1_dev                              0x200000a0   Data          24  uart_device.o(.data)
    errno                                    0x200000b8   Data           4  errno.o(.data)
    hadc                                     0x200000bc   Data          64  adc.o(.bss)
    hi2c1                                    0x200000fc   Data          84  i2c.o(.bss)
    huart1                                   0x20000150   Data         136  usart.o(.bss)
    xQueueRegistry                           0x200001d8   Data          64  queue.o(.bss)
    __libspace_start                         0x20001aac   Data          96  libspace.o(.bss)
    __temporary_stack_top$libspace           0x20001b0c   Data           0  libspace.o(.bss)



==============================================================================

Memory Map of the image

  Image Entry point : 0x080000b9

  Load Region LR_IROM1 (Base: 0x08000000, Size: 0x00005104, Max: 0x00040000, ABSOLUTE)

    Execution Region ER_IROM1 (Exec base: 0x08000000, Load base: 0x08000000, Size: 0x00005048, Max: 0x00040000, ABSOLUTE)

    Exec Addr    Load Addr    Size         Type   Attr      Idx    E Section Name        Object

    0x08000000   0x08000000   0x000000b8   Data   RO            3    RESET               startup_stm32f030xc.o
    0x080000b8   0x080000b8   0x00000008   Code   RO         4618  * !!!main             c_p.l(__main.o)
    0x080000c0   0x080000c0   0x0000003c   Code   RO         4797    !!!scatter          c_p.l(__scatter.o)
    0x080000fc   0x080000fc   0x0000001a   Code   RO         4799    !!handler_copy      c_p.l(__scatter_copy.o)
    0x08000116   0x08000116   0x00000002   PAD
    0x08000118   0x08000118   0x0000001c   Code   RO         4801    !!handler_zi        c_p.l(__scatter_zi.o)
    0x08000134   0x08000134   0x00000002   Code   RO         4679    .ARM.Collect$$libinit$$00000000  c_p.l(libinit.o)
    0x08000136   0x08000136   0x00000000   Code   RO         4693    .ARM.Collect$$libinit$$00000002  c_p.l(libinit2.o)
    0x08000136   0x08000136   0x00000000   Code   RO         4695    .ARM.Collect$$libinit$$00000004  c_p.l(libinit2.o)
    0x08000136   0x08000136   0x00000000   Code   RO         4698    .ARM.Collect$$libinit$$0000000A  c_p.l(libinit2.o)
    0x08000136   0x08000136   0x00000000   Code   RO         4700    .ARM.Collect$$libinit$$0000000C  c_p.l(libinit2.o)
    0x08000136   0x08000136   0x00000000   Code   RO         4702    .ARM.Collect$$libinit$$0000000E  c_p.l(libinit2.o)
    0x08000136   0x08000136   0x00000000   Code   RO         4705    .ARM.Collect$$libinit$$00000011  c_p.l(libinit2.o)
    0x08000136   0x08000136   0x00000000   Code   RO         4707    .ARM.Collect$$libinit$$00000013  c_p.l(libinit2.o)
    0x08000136   0x08000136   0x00000000   Code   RO         4709    .ARM.Collect$$libinit$$00000015  c_p.l(libinit2.o)
    0x08000136   0x08000136   0x00000000   Code   RO         4711    .ARM.Collect$$libinit$$00000017  c_p.l(libinit2.o)
    0x08000136   0x08000136   0x00000000   Code   RO         4713    .ARM.Collect$$libinit$$00000019  c_p.l(libinit2.o)
    0x08000136   0x08000136   0x00000000   Code   RO         4715    .ARM.Collect$$libinit$$0000001B  c_p.l(libinit2.o)
    0x08000136   0x08000136   0x00000000   Code   RO         4717    .ARM.Collect$$libinit$$0000001D  c_p.l(libinit2.o)
    0x08000136   0x08000136   0x00000000   Code   RO         4719    .ARM.Collect$$libinit$$0000001F  c_p.l(libinit2.o)
    0x08000136   0x08000136   0x00000000   Code   RO         4721    .ARM.Collect$$libinit$$00000021  c_p.l(libinit2.o)
    0x08000136   0x08000136   0x00000000   Code   RO         4723    .ARM.Collect$$libinit$$00000023  c_p.l(libinit2.o)
    0x08000136   0x08000136   0x00000000   Code   RO         4725    .ARM.Collect$$libinit$$00000025  c_p.l(libinit2.o)
    0x08000136   0x08000136   0x00000000   Code   RO         4729    .ARM.Collect$$libinit$$0000002C  c_p.l(libinit2.o)
    0x08000136   0x08000136   0x00000000   Code   RO         4731    .ARM.Collect$$libinit$$0000002E  c_p.l(libinit2.o)
    0x08000136   0x08000136   0x00000000   Code   RO         4733    .ARM.Collect$$libinit$$00000030  c_p.l(libinit2.o)
    0x08000136   0x08000136   0x00000000   Code   RO         4735    .ARM.Collect$$libinit$$00000032  c_p.l(libinit2.o)
    0x08000136   0x08000136   0x00000002   Code   RO         4736    .ARM.Collect$$libinit$$00000033  c_p.l(libinit2.o)
    0x08000138   0x08000138   0x00000002   Code   RO         4768    .ARM.Collect$$libshutdown$$00000000  c_p.l(libshutdown.o)
    0x0800013a   0x0800013a   0x00000000   Code   RO         4778    .ARM.Collect$$libshutdown$$00000002  c_p.l(libshutdown2.o)
    0x0800013a   0x0800013a   0x00000000   Code   RO         4780    .ARM.Collect$$libshutdown$$00000004  c_p.l(libshutdown2.o)
    0x0800013a   0x0800013a   0x00000000   Code   RO         4782    .ARM.Collect$$libshutdown$$00000006  c_p.l(libshutdown2.o)
    0x0800013a   0x0800013a   0x00000000   Code   RO         4785    .ARM.Collect$$libshutdown$$00000009  c_p.l(libshutdown2.o)
    0x0800013a   0x0800013a   0x00000000   Code   RO         4788    .ARM.Collect$$libshutdown$$0000000C  c_p.l(libshutdown2.o)
    0x0800013a   0x0800013a   0x00000000   Code   RO         4790    .ARM.Collect$$libshutdown$$0000000E  c_p.l(libshutdown2.o)
    0x0800013a   0x0800013a   0x00000000   Code   RO         4793    .ARM.Collect$$libshutdown$$00000011  c_p.l(libshutdown2.o)
    0x0800013a   0x0800013a   0x00000002   Code   RO         4794    .ARM.Collect$$libshutdown$$00000012  c_p.l(libshutdown2.o)
    0x0800013c   0x0800013c   0x00000000   Code   RO         4622    .ARM.Collect$$rtentry$$00000000  c_p.l(__rtentry.o)
    0x0800013c   0x0800013c   0x00000000   Code   RO         4639    .ARM.Collect$$rtentry$$00000002  c_p.l(__rtentry2.o)
    0x0800013c   0x0800013c   0x00000006   Code   RO         4651    .ARM.Collect$$rtentry$$00000004  c_p.l(__rtentry4.o)
    0x08000142   0x08000142   0x00000000   Code   RO         4641    .ARM.Collect$$rtentry$$00000009  c_p.l(__rtentry2.o)
    0x08000142   0x08000142   0x00000004   Code   RO         4642    .ARM.Collect$$rtentry$$0000000A  c_p.l(__rtentry2.o)
    0x08000146   0x08000146   0x00000000   Code   RO         4644    .ARM.Collect$$rtentry$$0000000C  c_p.l(__rtentry2.o)
    0x08000146   0x08000146   0x00000008   Code   RO         4645    .ARM.Collect$$rtentry$$0000000D  c_p.l(__rtentry2.o)
    0x0800014e   0x0800014e   0x00000002   Code   RO         4686    .ARM.Collect$$rtexit$$00000000  c_p.l(rtexit.o)
    0x08000150   0x08000150   0x00000000   Code   RO         4738    .ARM.Collect$$rtexit$$00000002  c_p.l(rtexit2.o)
    0x08000150   0x08000150   0x00000004   Code   RO         4739    .ARM.Collect$$rtexit$$00000003  c_p.l(rtexit2.o)
    0x08000154   0x08000154   0x00000006   Code   RO         4740    .ARM.Collect$$rtexit$$00000004  c_p.l(rtexit2.o)
    0x0800015a   0x0800015a   0x00000002   PAD
    0x0800015c   0x0800015c   0x00000078   Code   RO         3869    .emb_text           port.o
    0x080001d4   0x080001d4   0x00000038   Code   RO         4602    .emb_text           c_p.l(rt_memcpy.o)
    0x0800020c   0x0800020c   0x00000038   Code   RO            4    .text               startup_stm32f030xc.o
    0x08000244   0x08000244   0x00000102   Code   RO         4592    .text               c_p.l(lludiv.o)
    0x08000346   0x08000346   0x00000014   Code   RO         4594    .text               c_p.l(abort.o)
    0x0800035a   0x0800035a   0x00000002   PAD
    0x0800035c   0x0800035c   0x0000004c   Code   RO         4598    .text               c_p.l(strcpy.o)
    0x080003a8   0x080003a8   0x00000044   Code   RO         4600    .text               c_p.l(strlen.o)
    0x080003ec   0x080003ec   0x00000082   Code   RO         4603    .text               c_p.l(rt_memcpy.o)
    0x0800046e   0x0800046e   0x00000012   Code   RO         4606    .text               c_p.l(aeabi_memset.o)
    0x08000480   0x08000480   0x00000040   Code   RO         4608    .text               c_p.l(rt_memclr.o)
    0x080004c0   0x080004c0   0x00000088   Code   RO         4610    .text               c_p.l(strcmp.o)
    0x08000548   0x08000548   0x0000015a   Code   RO         4612    .text               c_p.l(aeabi_sdiv.o)
    0x080006a2   0x080006a2   0x00000006   Code   RO         4616    .text               c_p.l(heapauxi.o)
    0x080006a8   0x080006a8   0x0000000c   Code   RO         4620    .text               c_p.l(sys_exit.o)
    0x080006b4   0x080006b4   0x0000000c   Code   RO         4631    .text               c_p.l(defsig_abrt_outer.o)
    0x080006c0   0x080006c0   0x00000002   Code   RO         4635    .text               c_p.l(use_no_semi.o)
    0x080006c2   0x080006c2   0x00000000   Code   RO         4637    .text               c_p.l(indicate_semi.o)
    0x080006c2   0x080006c2   0x0000000c   Code   RO         4657    .text               c_p.l(defsig_exit.o)
    0x080006ce   0x080006ce   0x00000002   PAD
    0x080006d0   0x080006d0   0x00000030   Code   RO         4659    .text               c_p.l(defsig_abrt_inner.o)
    0x08000700   0x08000700   0x0000003e   Code   RO         4661    .text               c_p.l(sys_stackheap_outer.o)
    0x0800073e   0x0800073e   0x00000010   Code   RO         4664    .text               c_p.l(exit.o)
    0x0800074e   0x0800074e   0x00000034   Code   RO         4668    .text               c_p.l(defsig_general.o)
    0x08000782   0x08000782   0x0000000c   Code   RO         4680    .text               c_p.l(sys_wrch.o)
    0x0800078e   0x0800078e   0x00000002   PAD
    0x08000790   0x08000790   0x00000008   Code   RO         4682    .text               c_p.l(libspace.o)
    0x08000798   0x08000798   0x00000004   Code   RO           12    i.Error_Handler     main.o
    0x0800079c   0x0800079c   0x0000001c   Code   RO         3936    i.GetUARTDevice     uart_device.o
    0x080007b8   0x080007b8   0x00000110   Code   RO          465    i.HAL_ADC_ConfigChannel  stm32f0xx_hal_adc.o
    0x080008c8   0x080008c8   0x00000178   Code   RO          474    i.HAL_ADC_Init      stm32f0xx_hal_adc.o
    0x08000a40   0x08000a40   0x00000058   Code   RO          283    i.HAL_ADC_MspInit   adc.o
    0x08000a98   0x08000a98   0x00000040   Code   RO         1509    i.HAL_DMA_Abort     stm32f0xx_hal_dma.o
    0x08000ad8   0x08000ad8   0x00000048   Code   RO         1510    i.HAL_DMA_Abort_IT  stm32f0xx_hal_dma.o
    0x08000b20   0x08000b20   0x000000d4   Code   RO         1445    i.HAL_GPIO_DeInit   stm32f0xx_hal_gpio.o
    0x08000bf4   0x08000bf4   0x000001a4   Code   RO         1448    i.HAL_GPIO_Init     stm32f0xx_hal_gpio.o
    0x08000d98   0x08000d98   0x0000000a   Code   RO         1450    i.HAL_GPIO_ReadPin  stm32f0xx_hal_gpio.o
    0x08000da2   0x08000da2   0x0000000c   Code   RO         1452    i.HAL_GPIO_WritePin  stm32f0xx_hal_gpio.o
    0x08000dae   0x08000dae   0x00000002   PAD
    0x08000db0   0x08000db0   0x0000000c   Code   RO          790    i.HAL_GetTick       stm32f0xx_hal.o
    0x08000dbc   0x08000dbc   0x0000004a   Code   RO         1407    i.HAL_I2CEx_ConfigAnalogFilter  stm32f0xx_hal_i2c_ex.o
    0x08000e06   0x08000e06   0x00000048   Code   RO         1408    i.HAL_I2CEx_ConfigDigitalFilter  stm32f0xx_hal_i2c_ex.o
    0x08000e4e   0x08000e4e   0x00000002   PAD
    0x08000e50   0x08000e50   0x000000bc   Code   RO          950    i.HAL_I2C_Init      stm32f0xx_hal_i2c.o
    0x08000f0c   0x08000f0c   0x00000064   Code   RO          321    i.HAL_I2C_MspInit   i2c.o
    0x08000f70   0x08000f70   0x00000010   Code   RO          796    i.HAL_IncTick       stm32f0xx_hal.o
    0x08000f80   0x08000f80   0x00000020   Code   RO          797    i.HAL_Init          stm32f0xx_hal.o
    0x08000fa0   0x08000fa0   0x00000044   Code   RO          798    i.HAL_InitTick      stm32f0xx_hal.o
    0x08000fe4   0x08000fe4   0x00000030   Code   RO          438    i.HAL_MspInit       stm32f0xx_hal_msp.o
    0x08001014   0x08001014   0x00000020   Code   RO         1606    i.HAL_NVIC_DisableIRQ  stm32f0xx_hal_cortex.o
    0x08001034   0x08001034   0x00000018   Code   RO         1607    i.HAL_NVIC_EnableIRQ  stm32f0xx_hal_cortex.o
    0x0800104c   0x0800104c   0x00000008   Code   RO         1611    i.HAL_NVIC_SetPriority  stm32f0xx_hal_cortex.o
    0x08001054   0x08001054   0x000000e8   Code   RO          751    i.HAL_RCCEx_PeriphCLKConfig  stm32f0xx_hal_rcc_ex.o
    0x0800113c   0x0800113c   0x00000108   Code   RO          655    i.HAL_RCC_ClockConfig  stm32f0xx_hal_rcc.o
    0x08001244   0x08001244   0x00000020   Code   RO          662    i.HAL_RCC_GetPCLK1Freq  stm32f0xx_hal_rcc.o
    0x08001264   0x08001264   0x0000004c   Code   RO          663    i.HAL_RCC_GetSysClockFreq  stm32f0xx_hal_rcc.o
    0x080012b0   0x080012b0   0x00000388   Code   RO          666    i.HAL_RCC_OscConfig  stm32f0xx_hal_rcc.o
    0x08001638   0x08001638   0x00000030   Code   RO         1615    i.HAL_SYSTICK_Config  stm32f0xx_hal_cortex.o
    0x08001668   0x08001668   0x00000002   Code   RO         2054    i.HAL_UARTEx_RxEventCallback  stm32f0xx_hal_uart.o
    0x0800166a   0x0800166a   0x00000042   Code   RO         2067    i.HAL_UART_DeInit   stm32f0xx_hal_uart.o
    0x080016ac   0x080016ac   0x00000030   Code   RO         3937    i.HAL_UART_ErrorCallback  uart_device.o
    0x080016dc   0x080016dc   0x00000294   Code   RO         2073    i.HAL_UART_IRQHandler  stm32f0xx_hal_uart.o
    0x08001970   0x08001970   0x0000006a   Code   RO         2074    i.HAL_UART_Init     stm32f0xx_hal_uart.o
    0x080019da   0x080019da   0x00000002   PAD
    0x080019dc   0x080019dc   0x00000034   Code   RO          358    i.HAL_UART_MspDeInit  usart.o
    0x08001a10   0x08001a10   0x00000074   Code   RO          359    i.HAL_UART_MspInit  usart.o
    0x08001a84   0x08001a84   0x00000058   Code   RO         2079    i.HAL_UART_Receive_IT  stm32f0xx_hal_uart.o
    0x08001adc   0x08001adc   0x00000030   Code   RO         3938    i.HAL_UART_RxCpltCallback  uart_device.o
    0x08001b0c   0x08001b0c   0x00000078   Code   RO         2085    i.HAL_UART_Transmit_IT  stm32f0xx_hal_uart.o
    0x08001b84   0x08001b84   0x00000028   Code   RO         3939    i.HAL_UART_TxCpltCallback  uart_device.o
    0x08001bac   0x08001bac   0x00000002   Code   RO          396    i.HardFault_Handler  stm32f0xx_it.o
    0x08001bae   0x08001bae   0x00000002   PAD
    0x08001bb0   0x08001bb0   0x0000007c   Code   RO          284    i.MX_ADC_Init       adc.o
    0x08001c2c   0x08001c2c   0x00000020   Code   RO          205    i.MX_FREERTOS_Init  freertos.o
    0x08001c4c   0x08001c4c   0x00000094   Code   RO          185    i.MX_GPIO_Init      gpio.o
    0x08001ce0   0x08001ce0   0x00000058   Code   RO          322    i.MX_I2C1_Init      i2c.o
    0x08001d38   0x08001d38   0x00000038   Code   RO          360    i.MX_USART1_UART_Init  usart.o
    0x08001d70   0x08001d70   0x00000002   Code   RO          397    i.NMI_Handler       stm32f0xx_it.o
    0x08001d72   0x08001d72   0x00000002   Code   RO         3870    i.SVC_Handler       port.o
    0x08001d74   0x08001d74   0x00000164   Code   RO          206    i.StartDefaultTask  freertos.o
    0x08001ed8   0x08001ed8   0x0000001c   Code   RO          398    i.SysTick_Handler   stm32f0xx_it.o
    0x08001ef4   0x08001ef4   0x0000007e   Code   RO           13    i.SystemClock_Config  main.o
    0x08001f72   0x08001f72   0x00000002   Code   RO         2477    i.SystemInit        system_stm32f0xx.o
    0x08001f74   0x08001f74   0x000000ca   Code   RO         2088    i.UART_AdvFeatureConfig  stm32f0xx_hal_uart.o
    0x0800203e   0x0800203e   0x00000002   PAD
    0x08002040   0x08002040   0x000000c4   Code   RO         2089    i.UART_CheckIdleState  stm32f0xx_hal_uart.o
    0x08002104   0x08002104   0x00000014   Code   RO         2090    i.UART_DMAAbortOnError  stm32f0xx_hal_uart.o
    0x08002118   0x08002118   0x00000060   Code   RO         2100    i.UART_EndRxTransfer  stm32f0xx_hal_uart.o
    0x08002178   0x08002178   0x000000ce   Code   RO         2102    i.UART_RxISR_16BIT  stm32f0xx_hal_uart.o
    0x08002246   0x08002246   0x000000ce   Code   RO         2103    i.UART_RxISR_8BIT   stm32f0xx_hal_uart.o
    0x08002314   0x08002314   0x00000158   Code   RO         2104    i.UART_SetConfig    stm32f0xx_hal_uart.o
    0x0800246c   0x0800246c   0x000000c8   Code   RO         2106    i.UART_Start_Receive_IT  stm32f0xx_hal_uart.o
    0x08002534   0x08002534   0x0000005e   Code   RO         2107    i.UART_TxISR_16BIT  stm32f0xx_hal_uart.o
    0x08002592   0x08002592   0x0000005a   Code   RO         2108    i.UART_TxISR_8BIT   stm32f0xx_hal_uart.o
    0x080025ec   0x080025ec   0x00000096   Code   RO         2109    i.UART_WaitOnFlagUntilTimeout  stm32f0xx_hal_uart.o
    0x08002682   0x08002682   0x00000002   PAD
    0x08002684   0x08002684   0x00000010   Code   RO          399    i.USART1_IRQHandler  stm32f0xx_it.o
    0x08002694   0x08002694   0x00000030   Code   RO          741    i.__ARM_common_ll_muluu  stm32f0xx_hal_rcc.o
    0x080026c4   0x080026c4   0x0000001a   Code   RO         1598    i.__ARM_common_switch8  stm32f0xx_hal_dma.o
    0x080026de   0x080026de   0x00000002   PAD
    0x080026e0   0x080026e0   0x00000044   Code   RO         1617    i.__NVIC_SetPriority  stm32f0xx_hal_cortex.o
    0x08002724   0x08002724   0x00000024   Code   RO         4023    i._modbus_init_common  modbus.o
    0x08002748   0x08002748   0x000001b8   Code   RO         4024    i._modbus_receive_msg  modbus.o
    0x08002900   0x08002900   0x00000022   Code   RO         4469    i._modbus_rtu_build_request_basis  modbus-st-rtu.o
    0x08002922   0x08002922   0x0000000c   Code   RO         4470    i._modbus_rtu_build_response_basis  modbus-st-rtu.o
    0x0800292e   0x0800292e   0x00000002   PAD
    0x08002930   0x08002930   0x00000058   Code   RO         4471    i._modbus_rtu_check_integrity  modbus-st-rtu.o
    0x08002988   0x08002988   0x00000002   Code   RO         4472    i._modbus_rtu_close  modbus-st-rtu.o
    0x0800298a   0x0800298a   0x0000001e   Code   RO         4473    i._modbus_rtu_connect  modbus-st-rtu.o
    0x080029a8   0x080029a8   0x00000008   Code   RO         4474    i._modbus_rtu_flush  modbus-st-rtu.o
    0x080029b0   0x080029b0   0x0000001e   Code   RO         4475    i._modbus_rtu_free  modbus-st-rtu.o
    0x080029ce   0x080029ce   0x00000004   Code   RO         4476    i._modbus_rtu_is_connected  modbus-st-rtu.o
    0x080029d2   0x080029d2   0x00000002   PAD
    0x080029d4   0x080029d4   0x00000024   Code   RO         4477    i._modbus_rtu_pre_check_confirmation  modbus-st-rtu.o
    0x080029f8   0x080029f8   0x0000000a   Code   RO         4478    i._modbus_rtu_prepare_response_tid  modbus-st-rtu.o
    0x08002a02   0x08002a02   0x00000026   Code   RO         4479    i._modbus_rtu_receive  modbus-st-rtu.o
    0x08002a28   0x08002a28   0x00000024   Code   RO         4480    i._modbus_rtu_recv  modbus-st-rtu.o
    0x08002a4c   0x08002a4c   0x00000004   Code   RO         4481    i._modbus_rtu_select  modbus-st-rtu.o
    0x08002a50   0x08002a50   0x00000028   Code   RO         4482    i._modbus_rtu_send  modbus-st-rtu.o
    0x08002a78   0x08002a78   0x0000001a   Code   RO         4483    i._modbus_rtu_send_msg_pre  modbus-st-rtu.o
    0x08002a92   0x08002a92   0x00000002   PAD
    0x08002a94   0x08002a94   0x0000002c   Code   RO         4484    i._modbus_set_slave  modbus-st-rtu.o
    0x08002ac0   0x08002ac0   0x0000001e   Code   RO         4025    i._sleep_response_timeout  modbus.o
    0x08002ade   0x08002ade   0x00000002   PAD
    0x08002ae0   0x08002ae0   0x00000030   Code   RO         4485    i.crc16             modbus-st-rtu.o
    0x08002b10   0x08002b10   0x00000026   Code   RO           14    i.main              main.o
    0x08002b36   0x08002b36   0x0000000c   Code   RO         4028    i.modbus_close      modbus.o
    0x08002b42   0x08002b42   0x00000002   PAD
    0x08002b44   0x08002b44   0x0000001c   Code   RO         4029    i.modbus_connect    modbus.o
    0x08002b60   0x08002b60   0x0000001c   Code   RO         4032    i.modbus_flush      modbus.o
    0x08002b7c   0x08002b7c   0x0000000c   Code   RO         4033    i.modbus_free       modbus.o
    0x08002b88   0x08002b88   0x000000c4   Code   RO         4042    i.modbus_mapping_new_start_address  modbus.o
    0x08002c4c   0x08002c4c   0x000000ac   Code   RO         4486    i.modbus_new_st_rtu  modbus-st-rtu.o
    0x08002cf8   0x08002cf8   0x0000001c   Code   RO         4048    i.modbus_receive    modbus.o
    0x08002d14   0x08002d14   0x000006ec   Code   RO         4050    i.modbus_reply      modbus.o
    0x08003400   0x08003400   0x0000003c   Code   RO         4383    i.modbus_set_bits_from_bytes  modbus-data.o
    0x0800343c   0x0800343c   0x0000001c   Code   RO         4059    i.modbus_set_slave  modbus.o
    0x08003458   0x08003458   0x00000034   Code   RO         3407    i.osKernelInitialize  cmsis_os2.o
    0x0800348c   0x0800348c   0x0000003c   Code   RO         3410    i.osKernelStart     cmsis_os2.o
    0x080034c8   0x080034c8   0x000000b0   Code   RO         3444    i.osThreadNew       cmsis_os2.o
    0x08003578   0x08003578   0x00000058   Code   RO         2902    i.prvAddCurrentTaskToDelayedList  tasks.o
    0x080035d0   0x080035d0   0x000000bc   Code   RO         2903    i.prvAddNewTaskToReadyList  tasks.o
    0x0800368c   0x0800368c   0x0000005c   Code   RO         3252    i.prvCheckForValidListAndQueue  timers.o
    0x080036e8   0x080036e8   0x00000026   Code   RO         2667    i.prvCopyDataFromQueue  queue.o
    0x0800370e   0x0800370e   0x00000070   Code   RO         2668    i.prvCopyDataToQueue  queue.o
    0x0800377e   0x0800377e   0x00000026   Code   RO         2904    i.prvDeleteTCB      tasks.o
    0x080037a4   0x080037a4   0x00000044   Code   RO         3820    i.prvHeapInit       heap_4.o
    0x080037e8   0x080037e8   0x0000004c   Code   RO         2905    i.prvIdleTask       tasks.o
    0x08003834   0x08003834   0x00000022   Code   RO         2670    i.prvInitialiseNewQueue  queue.o
    0x08003856   0x08003856   0x00000088   Code   RO         2906    i.prvInitialiseNewTask  tasks.o
    0x080038de   0x080038de   0x00000002   PAD
    0x080038e0   0x080038e0   0x0000004c   Code   RO         3821    i.prvInsertBlockIntoFreeList  heap_4.o
    0x0800392c   0x0800392c   0x00000038   Code   RO         3254    i.prvInsertTimerInActiveList  timers.o
    0x08003964   0x08003964   0x0000001c   Code   RO         2671    i.prvIsQueueEmpty   queue.o
    0x08003980   0x08003980   0x000000bc   Code   RO         3255    i.prvProcessReceivedCommands  timers.o
    0x08003a3c   0x08003a3c   0x0000009c   Code   RO         3256    i.prvProcessTimerOrBlockTask  timers.o
    0x08003ad8   0x08003ad8   0x00000020   Code   RO         2908    i.prvResetNextTaskUnblockTime  tasks.o
    0x08003af8   0x08003af8   0x00000028   Code   RO         3257    i.prvSampleTimeNow  timers.o
    0x08003b20   0x08003b20   0x00000060   Code   RO         3258    i.prvSwitchTimerLists  timers.o
    0x08003b80   0x08003b80   0x00000014   Code   RO         3871    i.prvTaskExitError  port.o
    0x08003b94   0x08003b94   0x00000024   Code   RO         3259    i.prvTimerTask      timers.o
    0x08003bb8   0x08003bb8   0x00000070   Code   RO         2672    i.prvUnlockQueue    queue.o
    0x08003c28   0x08003c28   0x000000b0   Code   RO         3822    i.pvPortMalloc      heap_4.o
    0x08003cd8   0x08003cd8   0x00000018   Code   RO         2911    i.pvTaskIncrementMutexHeldCount  tasks.o
    0x08003cf0   0x08003cf0   0x00000020   Code   RO         3872    i.pxPortInitialiseStack  port.o
    0x08003d10   0x08003d10   0x00000032   Code   RO         4069    i.response_exception  modbus.o
    0x08003d42   0x08003d42   0x00000002   PAD
    0x08003d44   0x08003d44   0x0000009c   Code   RO         4070    i.send_msg          modbus.o
    0x08003de0   0x08003de0   0x0000001c   Code   RO         3940    i.stm32_uart_flush  uart_device.o
    0x08003dfc   0x08003dfc   0x0000003c   Code   RO         3941    i.stm32_uart_init   uart_device.o
    0x08003e38   0x08003e38   0x00000018   Code   RO         3942    i.stm32_uart_recv   uart_device.o
    0x08003e50   0x08003e50   0x0000003e   Code   RO         3943    i.stm32_uart_send   uart_device.o
    0x08003e8e   0x08003e8e   0x00000026   Code   RO         2630    i.uxListRemove      list.o
    0x08003eb4   0x08003eb4   0x00000014   Code   RO         3456    i.vApplicationGetIdleTaskMemory  cmsis_os2.o
    0x08003ec8   0x08003ec8   0x00000018   Code   RO         3457    i.vApplicationGetTimerTaskMemory  cmsis_os2.o
    0x08003ee0   0x08003ee0   0x00000016   Code   RO         2631    i.vListInitialise   list.o
    0x08003ef6   0x08003ef6   0x00000006   Code   RO         2632    i.vListInitialiseItem  list.o
    0x08003efc   0x08003efc   0x00000030   Code   RO         2633    i.vListInsert       list.o
    0x08003f2c   0x08003f2c   0x00000018   Code   RO         2634    i.vListInsertEnd    list.o
    0x08003f44   0x08003f44   0x00000018   Code   RO         3874    i.vPortEnterCritical  port.o
    0x08003f5c   0x08003f5c   0x0000001c   Code   RO         3875    i.vPortExitCritical  port.o
    0x08003f78   0x08003f78   0x00000044   Code   RO         3823    i.vPortFree         heap_4.o
    0x08003fbc   0x08003fbc   0x00000018   Code   RO         3876    i.vPortYield        port.o
    0x08003fd4   0x08003fd4   0x00000024   Code   RO         2678    i.vQueueAddToRegistry  queue.o
    0x08003ff8   0x08003ff8   0x00000044   Code   RO         2682    i.vQueueWaitForMessageRestricted  queue.o
    0x0800403c   0x0800403c   0x00000030   Code   RO         2920    i.vTaskDelay        tasks.o
    0x0800406c   0x0800406c   0x00000078   Code   RO         2922    i.vTaskDelete       tasks.o
    0x080040e4   0x080040e4   0x00000010   Code   RO         2925    i.vTaskInternalSetTimeOutState  tasks.o
    0x080040f4   0x080040f4   0x0000000c   Code   RO         2926    i.vTaskMissedYield  tasks.o
    0x08004100   0x08004100   0x00000024   Code   RO         2928    i.vTaskPlaceOnEventList  tasks.o
    0x08004124   0x08004124   0x00000030   Code   RO         2929    i.vTaskPlaceOnEventListRestricted  tasks.o
    0x08004154   0x08004154   0x00000070   Code   RO         2931    i.vTaskPriorityDisinheritAfterTimeout  tasks.o
    0x080041c4   0x080041c4   0x00000068   Code   RO         2937    i.vTaskStartScheduler  tasks.o
    0x0800422c   0x0800422c   0x00000010   Code   RO         2939    i.vTaskSuspendAll   tasks.o
    0x0800423c   0x0800423c   0x00000058   Code   RO         2940    i.vTaskSwitchContext  tasks.o
    0x08004294   0x08004294   0x00000050   Code   RO         3877    i.xPortStartScheduler  port.o
    0x080042e4   0x080042e4   0x00000024   Code   RO         3878    i.xPortSysTickHandler  port.o
    0x08004308   0x08004308   0x0000003c   Code   RO         2687    i.xQueueGenericCreate  queue.o
    0x08004344   0x08004344   0x00000040   Code   RO         2688    i.xQueueGenericCreateStatic  queue.o
    0x08004384   0x08004384   0x0000006c   Code   RO         2689    i.xQueueGenericReset  queue.o
    0x080043f0   0x080043f0   0x00000118   Code   RO         2690    i.xQueueGenericSend  queue.o
    0x08004508   0x08004508   0x0000008c   Code   RO         2691    i.xQueueGenericSendFromISR  queue.o
    0x08004594   0x08004594   0x00000074   Code   RO         2694    i.xQueueGiveFromISR  queue.o
    0x08004608   0x08004608   0x00000102   Code   RO         2700    i.xQueueReceive     queue.o
    0x0800470a   0x0800470a   0x00000140   Code   RO         2702    i.xQueueSemaphoreTake  queue.o
    0x0800484a   0x0800484a   0x00000002   PAD
    0x0800484c   0x0800484c   0x0000005c   Code   RO         2941    i.xTaskCheckForTimeOut  tasks.o
    0x080048a8   0x080048a8   0x00000052   Code   RO         2942    i.xTaskCreate       tasks.o
    0x080048fa   0x080048fa   0x00000044   Code   RO         2943    i.xTaskCreateStatic  tasks.o
    0x0800493e   0x0800493e   0x00000002   PAD
    0x08004940   0x08004940   0x00000020   Code   RO         2947    i.xTaskGetSchedulerState  tasks.o
    0x08004960   0x08004960   0x0000000c   Code   RO         2948    i.xTaskGetTickCount  tasks.o
    0x0800496c   0x0800496c   0x000000bc   Code   RO         2950    i.xTaskIncrementTick  tasks.o
    0x08004a28   0x08004a28   0x00000068   Code   RO         2953    i.xTaskPriorityDisinherit  tasks.o
    0x08004a90   0x08004a90   0x00000078   Code   RO         2954    i.xTaskPriorityInherit  tasks.o
    0x08004b08   0x08004b08   0x00000064   Code   RO         2955    i.xTaskRemoveFromEventList  tasks.o
    0x08004b6c   0x08004b6c   0x000000b0   Code   RO         2956    i.xTaskResumeAll    tasks.o
    0x08004c1c   0x08004c1c   0x00000058   Code   RO         3266    i.xTimerCreateTimerTask  timers.o
    0x08004c74   0x08004c74   0x00000054   Code   RO         3267    i.xTimerGenericCommand  timers.o
    0x08004cc8   0x08004cc8   0x00000024   Data   RO          207    .constdata          freertos.o
    0x08004cec   0x08004cec   0x00000020   Data   RO          667    .constdata          stm32f0xx_hal_rcc.o
    0x08004d0c   0x08004d0c   0x00000010   Data   RO         2478    .constdata          system_stm32f0xx.o
    0x08004d1c   0x08004d1c   0x00000008   Data   RO         2479    .constdata          system_stm32f0xx.o
    0x08004d24   0x08004d24   0x00000250   Data   RO         4487    .constdata          modbus-st-rtu.o
    0x08004f74   0x08004f74   0x0000000c   Data   RO          208    .conststring        freertos.o
    0x08004f80   0x08004f80   0x00000006   Data   RO         3944    .conststring        uart_device.o
    0x08004f86   0x08004f86   0x00000002   PAD
    0x08004f88   0x08004f88   0x0000009d   Data   RO         4076    .conststring        modbus.o
    0x08005025   0x08005025   0x00000003   PAD
    0x08005028   0x08005028   0x00000020   Data   RO         4795    Region$$Table       anon$$obj.o


    Execution Region RW_IRAM1 (Exec base: 0x20000000, Load base: 0x08005048, Size: 0x00002110, Max: 0x00008000, ABSOLUTE)

    Exec Addr    Load Addr    Size         Type   Attr      Idx    E Section Name        Object

    0x20000000   0x08005048   0x00000004   Data   RW          209    .data               freertos.o
    0x20000004   0x0800504c   0x0000000c   Data   RW          804    .data               stm32f0xx_hal.o
    0x20000010   0x08005058   0x00000004   Data   RW         2480    .data               system_stm32f0xx.o
    0x20000014   0x0800505c   0x0000003c   Data   RW         2959    .data               tasks.o
    0x20000050   0x08005098   0x00000014   Data   RW         3275    .data               timers.o
    0x20000064   0x080050ac   0x00000004   Data   RW         3459    .data               cmsis_os2.o
    0x20000068   0x080050b0   0x00000018   Data   RW         3828    .data               heap_4.o
    0x20000080   0x080050c8   0x00000004   Data   RW         3879    .data               port.o
    0x20000084   0x080050cc   0x00000018   Data   RW         3945    .data               uart_device.o
    0x2000009c   0x080050e4   0x0000001c   Data   RW         3946    .data               uart_device.o
    0x200000b8   0x08005100   0x00000004   Data   RW         4016    .data               errno.o
    0x200000bc        -       0x00000040   Zero   RW          285    .bss                adc.o
    0x200000fc        -       0x00000054   Zero   RW          323    .bss                i2c.o
    0x20000150        -       0x00000088   Zero   RW          361    .bss                usart.o
    0x200001d8        -       0x00000040   Zero   RW         2704    .bss                queue.o
    0x20000218        -       0x000004c4   Zero   RW         2958    .bss                tasks.o
    0x200006dc        -       0x00000118   Zero   RW         3274    .bss                timers.o
    0x200007f4        -       0x000006b8   Zero   RW         3458    .bss                cmsis_os2.o
    0x20000eac        -       0x00000c00   Zero   RW         3827    .bss                heap_4.o
    0x20001aac        -       0x00000060   Zero   RW         4683    .bss                c_p.l(libspace.o)
    0x20001b0c   0x08005104   0x00000004   PAD
    0x20001b10        -       0x00000200   Zero   RW            2    HEAP                startup_stm32f030xc.o
    0x20001d10        -       0x00000400   Zero   RW            1    STACK               startup_stm32f030xc.o


==============================================================================

Image component sizes


      Code (inc. data)   RO Data    RW Data    ZI Data      Debug   Object Name

       212         18          0          0         64       1611   adc.o
       332         24          0          4       1720      21104   cmsis_os2.o
         0          0          0          4          0        232   errno.o
         0          0          0          0          0      12524   event_groups.o
       388         34         48          4          0      15859   freertos.o
       148         14          0          0          0        859   gpio.o
       388         22          0         24       3072       4079   heap_4.o
       188         24          0          0         84       1561   i2c.o
       138          0          0          0          0       3266   list.o
       168          0          0          0          0     285464   main.o
        60          0          0          0          0       1377   modbus-data.o
       662         50        592          0          0      19853   modbus-st-rtu.o
      2816        656        157          0          0      22752   modbus.o
       366         58          0          4          0       6708   port.o
      1774          4          0          0         64      16072   queue.o
        56         26        184          0       1536        620   startup_stm32f030xc.o
       128         26          0         12          0       7353   stm32f0xx_hal.o
       648         28          0          0          0       2563   stm32f0xx_hal_adc.o
       180         30          0          0          0      10871   stm32f0xx_hal_cortex.o
       162          0          0          0          0       1763   stm32f0xx_hal_dma.o
       654         44          0          0          0       3501   stm32f0xx_hal_gpio.o
       188          6          0          0          0       3195   stm32f0xx_hal_i2c.o
       146          0          0          0          0       1847   stm32f0xx_hal_i2c_ex.o
        48          4          0          0          0        794   stm32f0xx_hal_msp.o
      1324         60         32          0          0       4513   stm32f0xx_hal_rcc.o
       232         14          0          0          0       1328   stm32f0xx_hal_rcc_ex.o
      2846         78          0          0          0      21943   stm32f0xx_hal_uart.o
        48         10          0          0          0       1704   stm32f0xx_it.o
         2          0         24          4          0       1063   system_stm32f0xx.o
      2156        186          0         60       1220      23591   tasks.o
       836         74          0         20        280       8931   timers.o
       338         30          6         52          0       6351   uart_device.o
       224         28          0          0        136       2063   usart.o

    ----------------------------------------------------------------------
     17888       1548       1080        188       8176     517315   Object Totals
         0          0         32          0          0          0   (incl. Generated)
        32          0          5          0          0          0   (incl. Padding)

    ----------------------------------------------------------------------

      Code (inc. data)   RO Data    RW Data    ZI Data      Debug   Library Member Name

         8          0          0          0          0         68   __main.o
         0          0          0          0          0          0   __rtentry.o
        12          0          0          0          0          0   __rtentry2.o
         6          0          0          0          0          0   __rtentry4.o
        60          8          0          0          0          0   __scatter.o
        26          0          0          0          0          0   __scatter_copy.o
        28          0          0          0          0          0   __scatter_zi.o
        20          0          0          0          0         68   abort.o
        18          0          0          0          0         68   aeabi_memset.o
       346          0          0          0          0         92   aeabi_sdiv.o
        48         34          0          0          0         68   defsig_abrt_inner.o
        12          0          0          0          0         68   defsig_abrt_outer.o
        12          0          0          0          0         68   defsig_exit.o
        52          0          0          0          0         72   defsig_general.o
        16          0          0          0          0         68   exit.o
         6          0          0          0          0        136   heapauxi.o
         0          0          0          0          0          0   indicate_semi.o
         2          0          0          0          0          0   libinit.o
         2          0          0          0          0          0   libinit2.o
         2          0          0          0          0          0   libshutdown.o
         2          0          0          0          0          0   libshutdown2.o
         8          4          0          0         96         68   libspace.o
       258          0          0          0          0         88   lludiv.o
        64          0          0          0          0        108   rt_memclr.o
       186          0          0          0          0        144   rt_memcpy.o
         2          0          0          0          0          0   rtexit.o
        10          0          0          0          0          0   rtexit2.o
       136          4          0          0          0         72   strcmp.o
        76          6          0          0          0         72   strcpy.o
        68          6          0          0          0         72   strlen.o
        12          4          0          0          0         60   sys_exit.o
        62          0          0          0          0         80   sys_stackheap_outer.o
        12          0          0          0          0         68   sys_wrch.o
         2          0          0          0          0         68   use_no_semi.o

    ----------------------------------------------------------------------
      1584         66          0          0        100       1676   Library Totals
        10          0          0          0          4          0   (incl. Padding)

    ----------------------------------------------------------------------

      Code (inc. data)   RO Data    RW Data    ZI Data      Debug   Library Name

      1574         66          0          0         96       1676   c_p.l

    ----------------------------------------------------------------------
      1584         66          0          0        100       1676   Library Totals

    ----------------------------------------------------------------------

==============================================================================


      Code (inc. data)   RO Data    RW Data    ZI Data      Debug   

     19472       1614       1080        188       8276     510603   Grand Totals
     19472       1614       1080        188       8276     510603   ELF Image Totals
     19472       1614       1080        188          0          0   ROM Totals

==============================================================================

    Total RO  Size (Code + RO Data)                20552 (  20.07kB)
    Total RW  Size (RW Data + ZI Data)              8464 (   8.27kB)
    Total ROM Size (Code + RO Data + RW Data)      20740 (  20.25kB)

==============================================================================

