<html>
<body>
<pre>
<h1>µVision Build Log</h1>
<h2>Tool Versions:</h2>
IDE-Version: ¦ÌVision V5.36.0.0
Copyright (C) 2021 ARM Ltd and ARM Germany GmbH. All rights reserved.
License Information: lin lin, 1, LIC=JL28G-V0ABE-X74RZ-J8KNC-W3ZTI-4RM58
 
Tool Versions:
Toolchain:       MDK-ARM Plus  Version: 5.36.0.0
Toolchain Path:  D:\keil\keil5\ARM\ARMCLANG\Bin
C Compiler:      ArmClang.exe V6.16
Assembler:       Armasm.exe V6.16
Linker/Locator:  ArmLink.exe V6.16
Library Manager: ArmAr.exe V6.16
Hex Converter:   FromElf.exe V6.16
CPU DLL:         
Dialog DLL:      
Target DLL:      STLink\ST-LINKIII-KEIL_SWO.dll V3.0.9.0
Dialog DLL:      TCM.DLL V1.53.0.0
 
<h2>Project:</h2>
D:\Keil5 Project\STM32H563\h5_demo_LVGL\demo\MDK-ARM\demo.uvprojx
Project File Date:  07/28/2026

<h2>Output:</h2>
*** Using Compiler 'V6.16', folder: 'D:\keil\keil5\ARM\ARMCLANG\Bin'
Rebuild target 'demo'
Note: source file '../Middlewares/Third_Party/lvgl/src/libs/gltf/gltf_view/lv_gltf_view_shader.cpp' - object file renamed from 'demo\lv_gltf_view_shader.o' to 'demo\lv_gltf_view_shader_1.o'.
Note: source file '../Middlewares/Third_Party/lvgl/src/libs/vg_lite_driver/VGLite/vg_lite_matrix.c' - object file renamed from 'demo\vg_lite_matrix.o' to 'demo\vg_lite_matrix_1.o'.
compiling gpdma.c...
../Core/Src/main.c(33): warning: In file included from...
../Middlewares/Third_Party/lvgl/src\lv_init.h(1): warning: Include public headers from the `src` folder is deprecated. This file will be removed soon. To ensure your application keeps working, you can choose to include the new header in <include/lvgl/core/lv_init.h> or include the main header file <include/lvgl/lvgl.h> [-W#warnings]
#warning Include public headers from the `src` folder is deprecated. This file will be removed soon. To ensure your application keeps working, you can choose to include the new header in <include/lvgl/core/lv_init.h> or include the main header file <include/lvgl/lvgl.h>
 ^
1 warning generated.
compiling main.c...
assembling startup_stm32h563xx.s...
compiling spi.c...
compiling gpio.c...
compiling usart.c...
compiling icache.c...
compiling stm32h5xx_it.c...
compiling stm32h5xx_hal_msp.c...
compiling usb.c...
../Core/Src/app_freertos.c(36): warning: In file included from...
../Middlewares/Third_Party/lvgl/src\lv_init.h(1): warning: Include public headers from the `src` folder is deprecated. This file will be removed soon. To ensure your application keeps working, you can choose to include the new header in <include/lvgl/core/lv_init.h> or include the main header file <include/lvgl/lvgl.h> [-W#warnings]
#warning Include public headers from the `src` folder is deprecated. This file will be removed soon. To ensure your application keeps working, you can choose to include the new header in <include/lvgl/core/lv_init.h> or include the main header file <include/lvgl/lvgl.h>
 ^
../Core/Src/app_freertos.c(486): warning: incompatible integer to pointer conversion passing 'int' to parameter of type 'modbus_t *' (aka 'struct _modbus *') [-Wint-conversion]
          modbus_free(modbus_connect(g_ch1_ctx));
                      ^~~~~~~~~~~~~~~~~~~~~~~~~
../Middlewares/Third_Party/libmodbus/modbus.h(216): note: passing argument to parameter 'ctx' here
MODBUS_API void modbus_free(modbus_t *ctx);
                                      ^
2 warnings generated.
compiling app_freertos.c...
compiling stm32h5xx_hal_timebase_tim.c...
compiling stm32h5xx_hal_cortex.c...
compiling stm32h5xx_hal_flash.c...
compiling stm32h5xx_hal_dma.c...
compiling stm32h5xx_hal_rcc.c...
compiling stm32h5xx_hal_tim_ex.c...
compiling stm32h5xx_hal_gpio.c...
compiling stm32h5xx_hal_flash_ex.c...
compiling stm32h5xx_hal_pwr.c...
compiling stm32h5xx_hal_pwr_ex.c...
compiling stm32h5xx_hal_exti.c...
compiling stm32h5xx_hal_dma_ex.c...
compiling stm32h5xx_hal_icache.c...
compiling stm32h5xx_hal_rcc_ex.c...
compiling stm32h5xx_hal.c...
compiling stm32h5xx_hal_spi_ex.c...
compiling stm32h5xx_hal_tim.c...
compiling stm32h5xx_hal_uart_ex.c...
compiling font_chinese.c...
compiling stm32h5xx_hal_pcd_ex.c...
compiling stm32h5xx_hal_spi.c...
compiling font_8x16.c...
compiling system_stm32h5xx.c...
compiling draw.c...
compiling stm32h5xx_hal_pcd.c...
compiling uart_device.c...
compiling ux_device_class_cdc_acm_activate.c...
compiling stm32h5xx_ll_usb.c...
compiling picture.c...
compiling spi_lcd.c...
compiling stm32h5xx_hal_uart.c...
compiling font30.c...
compiling ux_device_class_cdc_acm_bulkin_thread.c...
compiling ui.c...
compiling m1y.c...
compiling ux_device_class_cdc_acm_bulkout_thread.c...
compiling ux_device_class_cdc_acm_control_request.c...
compiling ux_device_class_cdc_acm_entry.c...
compiling ux_device_class_cdc_acm_deactivate.c...
compiling ux_device_class_cdc_acm_read.c...
compiling ux_device_class_cdc_acm_initialize.c...
compiling ux_device_class_cdc_acm_ioctl.c...
compiling ux_device_class_cdc_acm_unitialize.c...
compiling ux_device_class_cdc_acm_write.c...
compiling ux_device_class_cdc_acm_read_run.c...
compiling ux_device_class_cdc_acm_tasks_run.c...
compiling ux_device_class_cdc_acm_write_run.c...
compiling ux_device_class_cdc_acm_write_with_callback.c...
compiling ux_device_stack_alternate_setting_get.c...
compiling ux_device_stack_alternate_setting_set.c...
compiling ux_device_stack_class_register.c...
compiling ux_device_stack_class_unregister.c...
compiling ux_device_stack_configuration_get.c...
compiling ux_device_stack_clear_feature.c...
compiling ux_device_stack_configuration_set.c...
compiling ux_device_stack_control_request_process.c...
compiling ux_device_stack_disconnect.c...
compiling ux_device_stack_get_status.c...
compiling ux_device_stack_endpoint_stall.c...
compiling ux_device_stack_descriptor_send.c...
compiling ux_device_stack_initialize.c...
compiling ux_device_stack_host_wakeup.c...
compiling ux_device_stack_interface_start.c...
compiling ux_device_stack_interface_delete.c...
compiling ux_device_stack_interface_get.c...
compiling ux_device_stack_interface_set.c...
compiling ux_device_stack_microsoft_extension_register.c...
compiling ux_device_stack_transfer_abort.c...
compiling ux_device_stack_set_feature.c...
compiling ux_device_stack_tasks_run.c...
compiling ux_device_stack_transfer_all_request_abort.c...
compiling ux_device_stack_transfer_request.c...
compiling ux_system_tasks_run.c...
compiling ux_device_stack_uninitialize.c...
compiling ux_device_stack_transfer_run.c...
compiling ux_utility_long_put.c...
compiling ux_utility_long_get.c...
compiling ux_utility_short_get.c...
compiling ux_utility_memory_allocate.c...
compiling ux_utility_memory_compare.c...
compiling ux_utility_memory_copy.c...
compiling ux_utility_memory_allocate_mulc_safe.c...
compiling ux_system_uninitialize.c...
compiling ux_system_error_handler.c...
compiling ux_utility_descriptor_parse.c...
compiling ux_utility_string_length_check.c...
compiling ux_system_initialize.c...
compiling ux_utility_memory_free.c...
compiling ux_utility_memory_free_block_best_get.c...
compiling ux_utility_memory_set.c...
compiling ux_dcd_stm32_endpoint_create.c...
compiling ux_dcd_stm32_callback.c...
compiling ux_dcd_stm32_endpoint_destroy.c...
compiling ux_dcd_stm32_endpoint_reset.c...
compiling ux_dcd_stm32_endpoint_stall.c...
compiling ux_dcd_stm32_endpoint_status.c...
compiling ux_dcd_stm32_function.c...
compiling ux_dcd_stm32_frame_number_get.c...
compiling ux_dcd_stm32_initialize.c...
compiling ux_dcd_stm32_initialize_complete.c...
compiling ux_dcd_stm32_interrupt_handler.c...
compiling ux_dcd_stm32_transfer_request.c...
compiling ux_dcd_stm32_transfer_abort.c...
compiling ux_dcd_stm32_transfer_run.c...
compiling ux_dcd_stm32_uninitialize.c...
compiling app_usbx_device.c...
compiling modbus-st-rtu.c...
compiling ux_device_cdc_acm.c...
compiling errno.c...
compiling modbus-data.c...
compiling ux_device_descriptors.c...
compiling img_benchmark_avatar.c...
compiling img_benchmark_lvgl_logo_rgb.c...
compiling lv_font_benchmark_montserrat_12_aligned.c...
compiling img_benchmark_lvgl_logo_argb.c...
compiling lv_font_benchmark_montserrat_14_aligned.c...
compiling modbus.c...
compiling lv_font_benchmark_montserrat_16_aligned.c...
compiling lv_font_benchmark_montserrat_18_aligned.c...
compiling lv_font_benchmark_montserrat_20_aligned.c...
compiling lv_font_benchmark_montserrat_24_aligned.c...
compiling lv_demo_gltf.c...
compiling lv_demo_keypad_encoder.c...
compiling lv_demos.c...
compiling img_lv_demo_music_btn_corner_large.c...
compiling img_lv_demo_music_btn_list_pause.c...
compiling lv_font_benchmark_montserrat_26_aligned.c...
compiling img_lv_demo_music_btn_list_pause_large.c...
compiling img_lv_demo_music_btn_list_play.c...
compiling img_lv_demo_music_btn_list_play_large.c...
../Middlewares/Third_Party/lvgl/demos/benchmark/lv_demo_benchmark.c(34): warning: "It's recommended to have at least 128kB RAM for the benchmark" [-W#warnings]
    #warning "It's recommended to have at least 128kB RAM for the benchmark"
     ^
1 warning generated.
compiling lv_demo_benchmark.c...
compiling img_lv_demo_music_btn_loop.c...
compiling img_lv_demo_music_btn_loop_large.c...
compiling img_lv_demo_music_btn_next.c...
compiling img_lv_demo_music_btn_next_large.c...
compiling img_lv_demo_music_btn_pause.c...
compiling img_lv_demo_music_btn_pause_large.c...
compiling img_lv_demo_music_btn_play.c...
compiling img_lv_demo_music_btn_play_large.c...
compiling img_lv_demo_music_btn_prev.c...
compiling img_lv_demo_music_btn_prev_large.c...
compiling img_lv_demo_music_corner_left.c...
compiling img_lv_demo_music_btn_rnd.c...
compiling img_lv_demo_music_btn_rnd_large.c...
compiling img_lv_demo_music_corner_left_large.c...
compiling img_lv_demo_music_corner_right.c...
compiling img_lv_demo_music_cover_1.c...
compiling img_lv_demo_music_corner_right_large.c...
compiling img_lv_demo_music_cover_2.c...
compiling img_lv_demo_music_cover_1_large.c...
compiling img_lv_demo_music_cover_2_large.c...
compiling img_lv_demo_music_cover_3.c...
compiling img_lv_demo_music_icon_1.c...
compiling img_lv_demo_music_icon_1_large.c...
compiling img_lv_demo_music_cover_3_large.c...
compiling img_lv_demo_music_icon_2.c...
compiling img_lv_demo_music_icon_2_large.c...
compiling img_lv_demo_music_icon_3.c...
compiling img_lv_demo_music_icon_3_large.c...
compiling img_lv_demo_music_icon_4.c...
compiling img_lv_demo_music_icon_4_large.c...
compiling img_lv_demo_music_list_border.c...
compiling img_lv_demo_music_logo.c...
compiling img_lv_demo_music_list_border_large.c...
compiling img_lv_demo_music_slider_knob_large.c...
compiling img_lv_demo_music_slider_knob.c...
compiling img_lv_demo_music_wave_bottom_large.c...
compiling img_lv_demo_music_wave_bottom.c...
compiling img_lv_demo_music_wave_top.c...
compiling img_lv_demo_music_wave_top_large.c...
compiling lv_demo_music.c...
compiling lv_demo_music_list.c...
compiling lv_demo_music_main.c...
compiling img_render_lvgl_logo_argb8888.c...
compiling img_render_lvgl_logo_argb8888_premultiplied.c...
compiling img_render_arc_bg.c...
compiling img_render_lvgl_logo_i1.c...
compiling img_render_lvgl_logo_l8.c...
compiling img_render_lvgl_logo_rgb565.c...
compiling img_render_lvgl_logo_rgb565a8.c...
compiling img_render_lvgl_logo_rgb565_swapped.c...
compiling img_render_lvgl_logo_rgb888.c...
compiling img_render_lvgl_logo_xrgb8888.c...
compiling lv_demo_render.c...
compiling lv_demo_stress.c...
compiling lv_demo_vector_graphic.c...
compiling img_demo_widgets_needle.c...
compiling img_clothes.c...
compiling img_lvgl_logo.c...
compiling img_demo_vector_avatar.c...
compiling img_demo_widgets_avatar.c...
compiling lv_demo_widgets_components.c...
compiling lv_port_indev.c...
compiling lv_demo_widgets_analytics.c...
compiling lv_demo_widgets.c...
compiling lv_demo_widgets_profile.c...
compiling lv_demo_widgets_shop.c...
compiling lv_port_disp.c...
compiling lv_group.c...
compiling lv_obj_class.c...
compiling lv_obj_property.c...
compiling lv_obj_id_builtin.c...
compiling lv_obj_event.c...
compiling lv_obj_draw.c...
compiling lv_obj_scroll.c...
compiling lv_obj.c...
compiling lv_monkey.c...
compiling lv_obj_style_gen.c...
compiling lv_profiler_builtin.c...
compiling lv_obj_pos.c...
compiling lv_obj_tree.c...
compiling lv_profiler_builtin_posix.c...
compiling lv_observer.c...
compiling lv_obj_style.c...
compiling lv_refr.c...
compiling lv_sysmon.c...
compiling lv_test_display.c...
compiling lv_test_fs.c...
compiling lv_test_helpers.c...
compiling lv_test_indev.c...
compiling lv_test_indev_gesture.c...
compiling lv_test_screenshot_compare.c...
compiling vg_lite_matrix.c...
compiling vg_lite_tvg.cpp...
compiling lv_draw_buf_convert_helium.c...
compiling lv_draw_buf_convert_neon.c...
compiling lv_draw_buf_convert.c...
compiling lv_draw_dma2d.c...
compiling lv_draw_dma2d_img.c...
compiling lv_draw_dma2d_fill.c...
compiling lv_draw_ppa.c...
compiling lv_draw_ppa_fill.c...
compiling lv_draw_ppa_buf.c...
compiling lv_draw_ppa_img.c...
compiling lv_display.c...
compiling lv_draw_eve_arc.c...
compiling lv_draw_eve.c...
compiling lv_draw_eve_fill.c...
compiling lv_draw_eve_image.c...
compiling lv_draw_eve_letter.c...
compiling lv_draw_eve_line.c...
compiling lv_draw_eve_ram_g.c...
compiling lv_draw_eve_triangle.c...
compiling lv_eve.c...
compiling lv_draw_3d.c...
compiling lv_draw_blur.c...
compiling lv_draw_arc.c...
compiling lv_draw.c...
compiling lv_draw_mask.c...
compiling lv_draw_line.c...
compiling lv_draw_image.c...
compiling lv_draw_buf.c...
compiling lv_draw_label.c...
compiling lv_draw_vector.c...
compiling lv_draw_triangle.c...
compiling lv_draw_rect.c...
compiling lv_draw_nanovg.c...
compiling lv_draw_nanovg_3d.c...
compiling lv_draw_nanovg_arc.c...
compiling lv_draw_nanovg_blur.c...
compiling lv_draw_nanovg_border.c...
compiling lv_draw_nanovg_box_shadow.c...
compiling lv_draw_nanovg_grad.c...
compiling lv_draw_nanovg_fill.c...
compiling lv_draw_nanovg_label.c...
compiling lv_draw_nanovg_image.c...
compiling lv_draw_nanovg_layer.c...
compiling lv_draw_nanovg_line.c...
compiling lv_draw_nanovg_mask_rect.c...
compiling lv_draw_nanovg_triangle.c...
compiling lv_draw_nanovg_vector.c...
compiling lv_nanovg_fbo_cache.c...
compiling lv_nanovg_utils.c...
compiling lv_nanovg_image_cache.c...
compiling lv_draw_nema_gfx.c...
compiling lv_draw_nema_gfx_arc.c...
compiling lv_draw_nema_gfx_cache.c...
compiling lv_draw_nema_gfx_border.c...
compiling lv_draw_nema_gfx_fill.c...
compiling lv_draw_nema_gfx_img.c...
compiling lv_draw_nema_gfx_label.c...
compiling lv_draw_nema_gfx_layer.c...
compiling lv_draw_nema_gfx_line.c...
compiling lv_draw_nema_gfx_stm32_hal.c...
compiling lv_draw_nema_gfx_utils.c...
compiling lv_draw_nema_gfx_triangle.c...
compiling lv_nema_gfx_path.c...
compiling lv_draw_nema_gfx_vector.c...
compiling lv_draw_buf_g2d.c...
compiling lv_draw_g2d.c...
compiling lv_draw_g2d_fill.c...
compiling lv_draw_g2d_img.c...
compiling lv_g2d_buf_map.c...
compiling lv_g2d_utils.c...
compiling lv_draw_buf_pxp.c...
compiling lv_draw_pxp.c...
compiling lv_draw_pxp_fill.c...
compiling lv_draw_pxp_layer.c...
compiling lv_draw_pxp_img.c...
compiling lv_pxp_cfg.c...
compiling lv_pxp_osa.c...
compiling lv_pxp_utils.c...
compiling lv_draw_opengles.c...
compiling lv_draw_dave2d.c...
compiling lv_draw_dave2d_arc.c...
compiling lv_draw_dave2d_image.c...
compiling lv_draw_dave2d_fill.c...
compiling lv_draw_dave2d_border.c...
compiling lv_draw_dave2d_label.c...
compiling lv_draw_dave2d_line.c...
compiling lv_draw_dave2d_mask_rectangle.c...
compiling lv_draw_dave2d_triangle.c...
compiling lv_draw_dave2d_utils.c...
compiling lv_draw_sdl.c...
compiling lv_snapshot.c...
compiling lv_draw_sw_blend.c...
compiling lv_draw_sw_blend_neon_to_rgb565.c...
compiling lv_draw_sw_blend_to_a8.c...
compiling lv_draw_sw_blend_to_argb8888_premultiplied.c...
compiling lv_draw_sw_blend_neon_to_rgb888.c...
compiling lv_draw_sw_blend_riscv_v_to_rgb888.c...
compiling lv_draw_sw.c...
compiling lv_draw_sw_blend_to_l8.c...
compiling lv_draw_sw_blend_to_al88.c...
compiling lv_draw_sw_blend_to_i1.c...
compiling lv_draw_sw_blend_to_argb8888.c...
compiling lv_draw_sw_arc.c...
compiling lv_draw_sw_blend_to_rgb565.c...
compiling lv_draw_sw_border.c...
compiling lv_draw_sw_blend_to_rgb565_swapped.c...
compiling lv_draw_sw_fill.c...
compiling lv_draw_sw_blur.c...
compiling lv_draw_sw_box_shadow.c...
compiling lv_draw_sw_blend_to_rgb888.c...
compiling lv_draw_sw_grad.c...
compiling lv_draw_sw_letter.c...
compiling lv_draw_sw_line.c...
compiling lv_draw_sw_mask_rect.c...
compiling lv_draw_sw_vector.c...
compiling lv_draw_buf_vg_lite.c...
compiling lv_draw_sw_triangle.c...
compiling lv_draw_vg_lite.c...
compiling lv_draw_vg_lite_arc.c...
compiling lv_draw_vg_lite_border.c...
compiling lv_draw_sw_mask.c...
compiling lv_draw_sw_img.c...
compiling lv_draw_sw_transform.c...
compiling lv_draw_vg_lite_box_shadow.c...
compiling lv_draw_vg_lite_fill.c...
compiling lv_draw_vg_lite_label.c...
compiling lv_draw_vg_lite_img.c...
compiling lv_draw_vg_lite_layer.c...
compiling lv_draw_vg_lite_line.c...
compiling lv_draw_vg_lite_mask_rect.c...
compiling lv_draw_sw_utils.c...
compiling lv_draw_vg_lite_triangle.c...
compiling lv_draw_vg_lite_vector.c...
compiling lv_vg_lite_bitmap_font_cache.c...
compiling lv_vg_lite_decoder.c...
compiling lv_vg_lite_grad.c...
compiling lv_vg_lite_math.c...
compiling lv_vg_lite_path.c...
compiling lv_vg_lite_pending.c...
compiling lv_vg_lite_stroke.c...
compiling lv_vg_lite_utils.c...
compiling lv_linux_drm.c...
compiling lv_linux_drm_common.c...
compiling lv_linux_drm_egl.c...
compiling lv_linux_fbdev.c...
compiling lv_ft81x.c...
compiling lv_lovyan_gfx.cpp...
compiling lv_ili9341.c...
compiling lv_nv3007.c...
compiling lv_lcd_generic_mipi.c...
compiling lv_st7735.c...
compiling lv_st7789.c...
compiling lv_st7796.c...
compiling lv_nxp_elcdif.c...
compiling lv_renesas_glcdc.c...
compiling lv_st_ltdc.c...
compiling lv_draw_eve_display.c...
compiling lv_tft_espi.cpp...
compiling lv_libinput.c...
compiling lv_evdev.c...
compiling lv_nuttx_cache.c...
compiling lv_xkb.c...
compiling lv_nuttx_entry.c...
compiling lv_nuttx_fbdev.c...
compiling lv_nuttx_image_cache.c...
compiling lv_nuttx_lcd.c...
compiling lv_nuttx_libuv.c...
compiling lv_nuttx_mouse.c...
compiling lv_nuttx_touchscreen.c...
compiling lv_opengles_shader.c...
compiling lv_nuttx_profiler.c...
compiling egl.c...
compiling gl.c...
compiling gles2.c...
compiling lv_opengles_debug.c...
compiling lv_opengles_driver.c...
compiling lv_opengles_egl.c...
compiling lv_opengles_glfw.c...
compiling lv_opengl_shader_manager.c...
compiling lv_opengles_texture.c...
compiling lv_opengl_shader_program.c...
compiling lv_qnx.c...
compiling lv_sdl_egl.c...
compiling lv_sdl_mouse.c...
compiling lv_sdl_keyboard.c...
compiling lv_sdl_mousewheel.c...
compiling lv_sdl_sw.c...
compiling lv_sdl_texture.c...
compiling lv_uefi_context.c...
compiling lv_sdl_window.c...
compiling lv_uefi_display.c...
compiling lv_uefi_indev_keyboard.c...
compiling lv_uefi_indev_pointer.c...
compiling lv_uefi_indev_touch.c...
compiling lv_uefi_private.c...
compiling lv_wayland.c...
compiling lv_wayland_backend_egl.c...
compiling lv_wayland_backend_g2d.c...
compiling lv_wayland_backend_shm.c...
compiling lv_wayland_keyboard.c...
compiling lv_wayland_pointer.c...
compiling lv_wayland_seat.c...
compiling lv_wayland_xdg_shell.c...
compiling lv_wayland_window.c...
compiling lv_wayland_touch.c...
compiling lv_windows_context.c...
compiling lv_windows_display.c...
compiling lv_windows_input.c...
compiling lv_x11_display.c...
compiling lv_x11_input.c...
compiling lv_font_manager.c...
compiling lv_freetype.c...
compiling lv_font_fmt_txt.c...
compiling lv_font_manager_recycle.c...
compiling lv_binfont_loader.c...
compiling lv_freetype_image.c...
compiling lv_freetype_glyph.c...
compiling lv_freetype_outline.c...
compiling lv_ftsystem.c...
compiling lv_imgfont.c...
compiling lv_font_dejavu_16_persian_hebrew.c...
compiling lv_font_montserrat_10.c...
compiling lv_font.c...
compiling lv_font_montserrat_12.c...
compiling lv_font_montserrat_12_subpx.c...
compiling lv_font_montserrat_14.c...
compiling lv_font_montserrat_16.c...
compiling lv_font_montserrat_18.c...
compiling lv_font_montserrat_14_aligned.c...
compiling lv_font_montserrat_20.c...
compiling lv_font_montserrat_22.c...
compiling lv_font_montserrat_28_compressed.c...
compiling lv_font_montserrat_32.c...
compiling lv_font_montserrat_26.c...
compiling lv_font_montserrat_34.c...
compiling lv_font_montserrat_36.c...
compiling lv_font_montserrat_24.c...
compiling lv_font_montserrat_28.c...
compiling lv_font_montserrat_38.c...
compiling lv_font_montserrat_30.c...
compiling lv_font_montserrat_40.c...
compiling lv_font_montserrat_42.c...
compiling lv_font_montserrat_44.c...
compiling lv_font_montserrat_46.c...
compiling lv_font_montserrat_8.c...
compiling lv_font_source_han_sans_sc_14_cjk.c...
compiling lv_font_montserrat_48.c...
compiling lv_font_unscii_16.c...
compiling lv_font_unscii_8.c...
compiling lv_font_source_han_sans_sc_16_cjk.c...
compiling lv_tiny_ttf.c...
compiling lv_fs_arduino_esp_littlefs.cpp...
compiling lv_fs_arduino_sd.cpp...
compiling lv_fs.c...
compiling lv_fs_frogfs.c...
compiling lv_fs_fatfs.c...
compiling lv_fs_littlefs.c...
compiling lv_fs_posix.c...
compiling lv_fs_memfs.c...
compiling lv_fs_stdio.c...
compiling lv_fs_uefi.c...
compiling lv_fs_win32.c...
compiling lv_bmp.c...
compiling lv_bin_decoder.c...
compiling lv_libjpeg_turbo.c...
compiling lv_libpng.c...
compiling lv_libwebp.c...
compiling lv_tjpgd.c...
compiling lv_svg.c...
compiling lv_lodepng.c...
compiling lv_image_decoder.c...
compiling lv_svg_decoder.c...
compiling lv_svg_parser.c...
compiling lv_svg_token.c...
compiling lv_gridnav.c...
compiling lv_svg_render.c...
compiling lv_indev_gesture.c...
compiling lv_layout.c...
compiling code128.c...
compiling lv_indev_scroll.c...
compiling lv_flex.c...
compiling decomp_raw.c...
compiling frogfs.c...
compiling EVE_commands.c...
compiling lv_grid.c...
compiling EVE_supplemental.c...
compiling gif.c...
compiling lv_gltf_data.cpp...
compiling lv_gltf_data_animations.cpp...
compiling lv_gltf_data_cache.cpp...
compiling lv_gltf_data_injest.cpp...
compiling lv_indev.c...
compiling lv_gltf_data_mesh.cpp...
compiling lv_gltf_data_shader.cpp...
compiling lv_gltf_data_primitive.cpp...
compiling lv_gltf_data_skin.cpp...
compiling lv_gltf_data_texture.cpp...
compiling lv_gltf_model_loader.c...
compiling lv_gltf_model_node.cpp...
compiling lv_gltf_uniform_locations.cpp...
compiling lv_gltf_ibl_sampler.c...
compiling chromatic.c...
compiling lv_gltf_view.cpp...
compiling lv_gltf_view_shader.c...
compiling lv_gltf_view_render.cpp...
compiling lv_gltf_view_shader.cpp...
compiling lv_3dmath.c...
compiling lv_gltf_math.cpp...
compiling lodepng.c...
compiling lz4.c...
compiling qrcodegen.c...
compiling nanovg.c...
compiling lv_rle.c...
compiling tvgAccessor.cpp...
compiling tvgCanvas.cpp...
compiling lv_rlottie.c...
compiling tvgAnimation.cpp...
compiling tvgCapi.cpp...
compiling tvgCompressor.cpp...
compiling tvgFill.cpp...
compiling tvgGlCanvas.cpp...
compiling tvgInitializer.cpp...
compiling tvgLoader.cpp...
compiling tvgLottieAnimation.cpp...
compiling tvgLottieBuilder.cpp...
compiling tvgLottieExpressions.cpp...
compiling tvgLottieInterpolator.cpp...
compiling tvgLottieLoader.cpp...
compiling tvgLottieModel.cpp...
compiling tvgLottieParser.cpp...
compiling tvgLottieParserHandler.cpp...
compiling tvgLottieModifier.cpp...
compiling tvgMath.cpp...
compiling tvgPaint.cpp...
compiling tvgRawLoader.cpp...
compiling tvgPicture.cpp...
compiling tvgRender.cpp...
compiling tvgSaver.cpp...
compiling tvgScene.cpp...
compiling tvgShape.cpp...
compiling tvgSvgLoader.cpp...
compiling tvgSvgCssStyle.cpp...
compiling tvgStr.cpp...
compiling tvgSvgPath.cpp...
compiling tvgSvgUtil.cpp...
compiling tvgSvgSceneBuilder.cpp...
compiling tvgSwFill.cpp...
compiling tvgSwImage.cpp...
compiling tvgSwCanvas.cpp...
compiling tvgSwMath.cpp...
compiling tvgSwPostEffect.cpp...
compiling tvgSwMemPool.cpp...
compiling tvgSwRaster.cpp...
compiling tvgSwRenderer.cpp...
compiling tvgSwRle.cpp...
compiling tvgSwShape.cpp...
compiling tvgTaskScheduler.cpp...
compiling tvgText.cpp...
compiling tvgSwStroke.cpp...
compiling tvgWgCanvas.cpp...
compiling tvgXmlParser.cpp...
compiling tjpgd.c...
compiling lv_vg_lite_hal.c...
compiling vg_lite_os.c...
compiling vg_lite.c...
compiling vg_lite_image.c...
compiling vg_lite_matrix.c...
compiling vg_lite_path.c...
compiling vg_lite_stroke.c...
compiling vg_lite_kernel.c...
compiling lv_log.c...
compiling lv_init.c...
compiling lv_cache_lru_ll.c...
compiling lv_cache_lru_rb.c...
compiling lv_image_header_cache.c...
compiling lv_cache_sc_da.c...
compiling lv_image_cache.c...
compiling lv_cache.c...
compiling lv_cache_entry.c...
compiling lv_anim_timeline.c...
compiling lv_async.c...
compiling lv_anim.c...
compiling lv_array.c...
compiling lv_area.c...
compiling lv_bidi.c...
compiling lv_color.c...
compiling lv_color_op.c...
compiling lv_circle_buf.c...
compiling lv_event.c...
compiling lv_grad.c...
compiling lv_iter.c...
compiling lv_ll.c...
compiling lv_lru.c...
compiling lv_math.c...
compiling lv_matrix.c...
compiling lv_palette.c...
compiling lv_pending.c...
compiling lv_templ.c...
compiling lv_rb.c...
compiling lv_style.c...
compiling lv_style_gen.c...
compiling lv_text_ap.c...
compiling lv_timer.c...
compiling lv_utils.c...
compiling lv_cmsis_rtos2.c...
compiling lv_tree.c...
compiling lv_text.c...
compiling lv_freertos.c...
compiling lv_linux.c...
compiling lv_mqx.c...
compiling lv_os.c...
compiling lv_os_none.c...
compiling lv_pthread.c...
compiling lv_rtthread.c...
compiling lv_windows.c...
compiling lv_file_explorer.c...
compiling lv_fragment.c...
compiling lv_sdl2.c...
compiling lv_fragment_manager.c...
compiling lv_translation.c...
compiling lv_mem_core_builtin.c...
compiling lv_mem_core_clib.c...
compiling lv_sprintf_clib.c...
compiling lv_string_clib.c...
compiling lv_mem_core_micropython.c...
compiling lv_mem_core_rtthread.c...
compiling lv_sprintf_builtin.c...
compiling lv_mem.c...
compiling lv_string_builtin.c...
compiling lv_sprintf_rtthread.c...
compiling lv_tlsf.c...
compiling lv_string_rtthread.c...
compiling lv_mem_core_uefi.c...
compiling lv_3dtexture.c...
compiling lv_theme.c...
compiling lv_tick.c...
compiling lv_animimage.c...
compiling lv_theme_simple.c...
compiling lv_theme_mono.c...
compiling lv_theme_default.c...
compiling lv_bar.c...
compiling lv_barcode.c...
compiling lv_button.c...
compiling lv_arclabel.c...
compiling lv_arc.c...
compiling lv_calendar_chinese.c...
compiling lv_calendar_header_arrow.c...
compiling lv_calendar.c...
compiling lv_calendar_header_dropdown.c...
compiling lv_buttonmatrix.c...
compiling lv_ffmpeg.c...
compiling lv_canvas.c...
compiling lv_checkbox.c...
compiling lv_gif.c...
compiling lv_gstreamer.c...
compiling lv_ime_pinyin.c...
compiling lv_imagebutton.c...
compiling lv_dropdown.c...
compiling lv_keyboard.c...
compiling lv_led.c...
compiling lv_image.c...
compiling lv_list.c...
compiling lv_line.c...
compiling lv_chart.c...
compiling lv_objx_templ.c...
compiling lv_lottie.c...
compiling lv_label.c...
compiling lv_animimage_properties.c...
compiling lv_arc_properties.c...
compiling lv_bar_properties.c...
compiling lv_msgbox.c...
compiling lv_menu.c...
compiling lv_buttonmatrix_properties.c...
compiling lv_chart_properties.c...
compiling lv_dropdown_properties.c...
compiling lv_checkbox_properties.c...
compiling lv_image_properties.c...
compiling lv_keyboard_properties.c...
compiling lv_label_properties.c...
compiling lv_line_properties.c...
compiling lv_led_properties.c...
compiling lv_menu_properties.c...
compiling lv_obj_properties.c...
compiling lv_roller_properties.c...
compiling lv_slider_properties.c...
compiling lv_scale_properties.c...
compiling lv_span_properties.c...
compiling lv_spinbox_properties.c...
compiling lv_spinner_properties.c...
compiling lv_style_properties.c...
compiling lv_switch_properties.c...
compiling lv_tabview_properties.c...
compiling lv_textarea_properties.c...
compiling lv_table_properties.c...
compiling lv_qrcode.c...
compiling lv_slider.c...
compiling lv_roller.c...
compiling lv_spinner.c...
compiling lv_switch.c...
compiling lv_spinbox.c...
compiling lv_tabview.c...
compiling croutine.c...
compiling lv_scale.c...
compiling lv_span.c...
compiling lv_tileview.c...
compiling list.c...
compiling lv_win.c...
compiling event_groups.c...
compiling lv_textarea.c...
compiling lv_table.c...
compiling queue.c...
compiling stream_buffer.c...
compiling portasm.c...
compiling port.c...
compiling timers.c...
compiling heap_4.c...
compiling tasks.c...
compiling cmsis_os2.c...
linking...
Program Size: Code=470310 RO-data=113202 RW-data=476 ZI-data=264492  
FromELF: creating hex file...
"demo\demo.axf" - 0 Error(s), 4 Warning(s).

<h2>Software Packages used:</h2>

Package Vendor: ARM
                http://www.keil.com/pack/ARM.CMSIS.5.8.0.pack
                ARM.CMSIS.5.8.0
                CMSIS (Common Microcontroller Software Interface Standard)
   * Component: CORE Version: 5.5.0

Package Vendor: Keil
                https://www.keil.com/pack/Keil.STM32H5xx_DFP.1.2.0.pack
                Keil.STM32H5xx_DFP.1.2.0
                STMicroelectronics STM32H5 Series Device Support

<h2>Collection of Component include folders:</h2>
  .\RTE\_demo
  D:\keil\keil5\ARM\PACK\ARM\CMSIS\5.8.0\CMSIS\Core\Include
  D:\keil\keil5\ARM\PACK\Keil\STM32H5xx_DFP\1.2.0\Drivers\CMSIS\Device\ST\STM32H5xx\Include

<h2>Collection of Component Files used:</h2>

   * Component: ARM::CMSIS:CORE:5.5.0
      Include file:  CMSIS\Core\Include\tz_context.h
Build Time Elapsed:  00:01:35
</pre>
</body>
</html>
